mode: set
github.com/hctsai1006/near-rt-ric/pkg/o1/fcaps_manager.go:67.123,86.2 2 1
github.com/hctsai1006/near-rt-ric/pkg/o1/fcaps_manager.go:89.58,106.2 9 0
github.com/hctsai1006/near-rt-ric/pkg/o1/fcaps_manager.go:109.57,115.12 4 0
github.com/hctsai1006/near-rt-ric/pkg/o1/fcaps_manager.go:115.12,118.3 2 0
github.com/hctsai1006/near-rt-ric/pkg/o1/fcaps_manager.go:120.2,120.9 1 0
github.com/hctsai1006/near-rt-ric/pkg/o1/fcaps_manager.go:121.14,122.55 1 0
github.com/hctsai1006/near-rt-ric/pkg/o1/fcaps_manager.go:123.20,124.51 1 0
github.com/hctsai1006/near-rt-ric/pkg/o1/fcaps_manager.go:127.2,127.12 1 0
github.com/hctsai1006/near-rt-ric/pkg/o1/fcaps_manager.go:133.172,163.43 6 0
github.com/hctsai1006/near-rt-ric/pkg/o1/fcaps_manager.go:163.43,165.3 1 0
github.com/hctsai1006/near-rt-ric/pkg/o1/fcaps_manager.go:168.2,170.19 2 0
github.com/hctsai1006/near-rt-ric/pkg/o1/fcaps_manager.go:174.58,179.13 4 0
github.com/hctsai1006/near-rt-ric/pkg/o1/fcaps_manager.go:179.13,181.3 1 0
github.com/hctsai1006/near-rt-ric/pkg/o1/fcaps_manager.go:183.2,183.34 1 0
github.com/hctsai1006/near-rt-ric/pkg/o1/fcaps_manager.go:183.34,185.3 1 0
github.com/hctsai1006/near-rt-ric/pkg/o1/fcaps_manager.go:187.2,199.43 6 0
github.com/hctsai1006/near-rt-ric/pkg/o1/fcaps_manager.go:199.43,201.3 1 0
github.com/hctsai1006/near-rt-ric/pkg/o1/fcaps_manager.go:203.2,203.12 1 0
github.com/hctsai1006/near-rt-ric/pkg/o1/fcaps_manager.go:207.80,212.13 4 0
github.com/hctsai1006/near-rt-ric/pkg/o1/fcaps_manager.go:212.13,214.3 1 0
github.com/hctsai1006/near-rt-ric/pkg/o1/fcaps_manager.go:216.2,226.12 6 0
github.com/hctsai1006/near-rt-ric/pkg/o1/fcaps_manager.go:230.75,235.34 4 0
github.com/hctsai1006/near-rt-ric/pkg/o1/fcaps_manager.go:235.34,236.38 1 0
github.com/hctsai1006/near-rt-ric/pkg/o1/fcaps_manager.go:236.38,238.4 1 0
github.com/hctsai1006/near-rt-ric/pkg/o1/fcaps_manager.go:241.2,241.15 1 0
github.com/hctsai1006/near-rt-ric/pkg/o1/fcaps_manager.go:247.96,252.13 4 0
github.com/hctsai1006/near-rt-ric/pkg/o1/fcaps_manager.go:252.13,254.3 1 0
github.com/hctsai1006/near-rt-ric/pkg/o1/fcaps_manager.go:257.2,257.18 1 0
github.com/hctsai1006/near-rt-ric/pkg/o1/fcaps_manager.go:257.18,259.3 1 0
github.com/hctsai1006/near-rt-ric/pkg/o1/fcaps_manager.go:261.2,261.18 1 0
github.com/hctsai1006/near-rt-ric/pkg/o1/fcaps_manager.go:265.118,280.90 4 0
github.com/hctsai1006/near-rt-ric/pkg/o1/fcaps_manager.go:280.90,284.3 3 0
github.com/hctsai1006/near-rt-ric/pkg/o1/fcaps_manager.go:286.2,298.43 5 0
github.com/hctsai1006/near-rt-ric/pkg/o1/fcaps_manager.go:298.43,300.3 1 0
github.com/hctsai1006/near-rt-ric/pkg/o1/fcaps_manager.go:302.2,302.12 1 0
github.com/hctsai1006/near-rt-ric/pkg/o1/fcaps_manager.go:306.72,311.13 4 0
github.com/hctsai1006/near-rt-ric/pkg/o1/fcaps_manager.go:311.13,313.3 1 0
github.com/hctsai1006/near-rt-ric/pkg/o1/fcaps_manager.go:316.2,317.31 2 0
github.com/hctsai1006/near-rt-ric/pkg/o1/fcaps_manager.go:317.31,319.3 1 0
github.com/hctsai1006/near-rt-ric/pkg/o1/fcaps_manager.go:321.2,328.12 3 0
github.com/hctsai1006/near-rt-ric/pkg/o1/fcaps_manager.go:334.182,358.2 6 0
github.com/hctsai1006/near-rt-ric/pkg/o1/fcaps_manager.go:361.170,377.47 4 0
github.com/hctsai1006/near-rt-ric/pkg/o1/fcaps_manager.go:377.47,380.37 1 0
github.com/hctsai1006/near-rt-ric/pkg/o1/fcaps_manager.go:380.37,382.4 1 0
github.com/hctsai1006/near-rt-ric/pkg/o1/fcaps_manager.go:385.2,397.43 5 0
github.com/hctsai1006/near-rt-ric/pkg/o1/fcaps_manager.go:397.43,399.3 1 0
github.com/hctsai1006/near-rt-ric/pkg/o1/fcaps_manager.go:401.2,401.20 1 0
github.com/hctsai1006/near-rt-ric/pkg/o1/fcaps_manager.go:407.137,434.43 6 0
github.com/hctsai1006/near-rt-ric/pkg/o1/fcaps_manager.go:434.43,436.3 1 0
github.com/hctsai1006/near-rt-ric/pkg/o1/fcaps_manager.go:438.2,438.20 1 0
github.com/hctsai1006/near-rt-ric/pkg/o1/fcaps_manager.go:442.220,472.2 6 0
github.com/hctsai1006/near-rt-ric/pkg/o1/fcaps_manager.go:477.162,503.43 7 0
github.com/hctsai1006/near-rt-ric/pkg/o1/fcaps_manager.go:503.43,505.3 1 0
github.com/hctsai1006/near-rt-ric/pkg/o1/fcaps_manager.go:507.2,507.22 1 0
github.com/hctsai1006/near-rt-ric/pkg/o1/fcaps_manager.go:511.117,541.2 7 0
github.com/hctsai1006/near-rt-ric/pkg/o1/fcaps_manager.go:545.48,569.2 8 0
github.com/hctsai1006/near-rt-ric/pkg/o1/fcaps_manager.go:571.46,574.2 2 0
github.com/hctsai1006/near-rt-ric/pkg/o1/fcaps_manager.go:576.40,582.6 4 0
github.com/hctsai1006/near-rt-ric/pkg/o1/fcaps_manager.go:582.6,583.10 1 0
github.com/hctsai1006/near-rt-ric/pkg/o1/fcaps_manager.go:584.24,585.10 1 0
github.com/hctsai1006/near-rt-ric/pkg/o1/fcaps_manager.go:586.19,587.26 1 0
github.com/hctsai1006/near-rt-ric/pkg/o1/fcaps_manager.go:592.48,598.6 4 0
github.com/hctsai1006/near-rt-ric/pkg/o1/fcaps_manager.go:598.6,599.10 1 0
github.com/hctsai1006/near-rt-ric/pkg/o1/fcaps_manager.go:600.24,601.10 1 0
github.com/hctsai1006/near-rt-ric/pkg/o1/fcaps_manager.go:602.19,603.29 1 0
github.com/hctsai1006/near-rt-ric/pkg/o1/fcaps_manager.go:608.45,614.6 4 0
github.com/hctsai1006/near-rt-ric/pkg/o1/fcaps_manager.go:614.6,615.10 1 0
github.com/hctsai1006/near-rt-ric/pkg/o1/fcaps_manager.go:616.24,617.10 1 0
github.com/hctsai1006/near-rt-ric/pkg/o1/fcaps_manager.go:618.19,619.27 1 0
github.com/hctsai1006/near-rt-ric/pkg/o1/fcaps_manager.go:624.45,627.39 2 0
github.com/hctsai1006/near-rt-ric/pkg/o1/fcaps_manager.go:627.39,628.65 1 0
github.com/hctsai1006/near-rt-ric/pkg/o1/fcaps_manager.go:628.65,633.4 1 0
github.com/hctsai1006/near-rt-ric/pkg/o1/fcaps_manager.go:633.9,633.30 1 0
github.com/hctsai1006/near-rt-ric/pkg/o1/fcaps_manager.go:633.30,638.4 1 0
github.com/hctsai1006/near-rt-ric/pkg/o1/fcaps_manager.go:640.2,640.28 1 0
github.com/hctsai1006/near-rt-ric/pkg/o1/fcaps_manager.go:643.48,649.2 4 0
github.com/hctsai1006/near-rt-ric/pkg/o1/fcaps_manager.go:651.46,654.35 2 0
github.com/hctsai1006/near-rt-ric/pkg/o1/fcaps_manager.go:654.35,656.50 1 0
github.com/hctsai1006/near-rt-ric/pkg/o1/fcaps_manager.go:656.50,658.4 1 0
github.com/hctsai1006/near-rt-ric/pkg/o1/fcaps_manager.go:660.2,665.48 4 0
github.com/hctsai1006/near-rt-ric/pkg/o1/fcaps_manager.go:665.48,666.38 1 0
github.com/hctsai1006/near-rt-ric/pkg/o1/fcaps_manager.go:666.38,668.4 1 0
github.com/hctsai1006/near-rt-ric/pkg/o1/fcaps_manager.go:670.2,670.30 1 0
github.com/hctsai1006/near-rt-ric/pkg/o1/fcaps_manager.go:673.70,675.56 1 0
github.com/hctsai1006/near-rt-ric/pkg/o1/fcaps_manager.go:675.56,676.10 1 0
github.com/hctsai1006/near-rt-ric/pkg/o1/fcaps_manager.go:677.24,678.10 1 0
github.com/hctsai1006/near-rt-ric/pkg/o1/fcaps_manager.go:679.11,682.23 3 0
github.com/hctsai1006/near-rt-ric/pkg/o1/fcaps_manager.go:682.23,686.5 3 0
github.com/hctsai1006/near-rt-ric/pkg/o1/fcaps_manager.go:686.10,688.5 1 0
github.com/hctsai1006/near-rt-ric/pkg/o1/fcaps_manager.go:689.4,690.38 2 0
github.com/hctsai1006/near-rt-ric/pkg/o1/fcaps_manager.go:695.2,695.43 1 0
github.com/hctsai1006/near-rt-ric/pkg/o1/fcaps_manager.go:695.43,697.3 1 0
github.com/hctsai1006/near-rt-ric/pkg/o1/fcaps_manager.go:701.89,702.19 1 0
github.com/hctsai1006/near-rt-ric/pkg/o1/fcaps_manager.go:702.19,704.3 1 0
github.com/hctsai1006/near-rt-ric/pkg/o1/fcaps_manager.go:706.2,706.82 1 0
github.com/hctsai1006/near-rt-ric/pkg/o1/fcaps_manager.go:706.82,708.3 1 0
github.com/hctsai1006/near-rt-ric/pkg/o1/fcaps_manager.go:709.2,709.74 1 0
github.com/hctsai1006/near-rt-ric/pkg/o1/fcaps_manager.go:709.74,711.3 1 0
github.com/hctsai1006/near-rt-ric/pkg/o1/fcaps_manager.go:712.2,712.13 1 0
github.com/hctsai1006/near-rt-ric/pkg/o1/fcaps_manager.go:715.93,718.2 1 0
github.com/hctsai1006/near-rt-ric/pkg/o1/fcaps_manager.go:720.115,723.2 1 0
github.com/hctsai1006/near-rt-ric/pkg/o1/fcaps_manager.go:725.77,728.2 1 0
github.com/hctsai1006/near-rt-ric/pkg/o1/fcaps_manager.go:732.68,734.2 1 0
github.com/hctsai1006/near-rt-ric/pkg/o1/fcaps_manager.go:736.52,738.2 1 0
github.com/hctsai1006/near-rt-ric/pkg/o1/fcaps_manager.go:740.67,744.2 3 0
github.com/hctsai1006/near-rt-ric/pkg/o1/fcaps_manager.go:746.60,751.44 4 0
github.com/hctsai1006/near-rt-ric/pkg/o1/fcaps_manager.go:751.44,753.3 1 0
github.com/hctsai1006/near-rt-ric/pkg/o1/fcaps_manager.go:754.2,754.18 1 0
github.com/hctsai1006/near-rt-ric/pkg/o1/message_handler.go:13.69,15.2 1 1
github.com/hctsai1006/near-rt-ric/pkg/o1/message_handler.go:18.104,20.2 1 0
github.com/hctsai1006/near-rt-ric/pkg/o1/message_handler.go:23.91,25.2 1 0
github.com/hctsai1006/near-rt-ric/pkg/o1/message_handler.go:28.90,31.2 1 0
github.com/hctsai1006/near-rt-ric/pkg/o1/message_handler.go:34.97,36.2 1 0
github.com/hctsai1006/near-rt-ric/pkg/o1/message_handler.go:39.91,41.2 1 0
github.com/hctsai1006/near-rt-ric/pkg/o1/message_handler.go:44.83,46.2 1 0
github.com/hctsai1006/near-rt-ric/pkg/o1/message_handler.go:49.85,51.2 1 0
github.com/hctsai1006/near-rt-ric/pkg/o1/message_handler.go:54.69,57.2 1 0
github.com/hctsai1006/near-rt-ric/pkg/o1/message_handler.go:60.92,62.2 1 0
github.com/hctsai1006/near-rt-ric/pkg/o1/netconf_datastore.go:26.46,36.2 2 1
github.com/hctsai1006/near-rt-ric/pkg/o1/netconf_datastore.go:38.97,43.16 4 1
github.com/hctsai1006/near-rt-ric/pkg/o1/netconf_datastore.go:44.24,45.20 1 1
github.com/hctsai1006/near-rt-ric/pkg/o1/netconf_datastore.go:46.26,47.22 1 1
github.com/hctsai1006/near-rt-ric/pkg/o1/netconf_datastore.go:48.24,49.20 1 1
github.com/hctsai1006/near-rt-ric/pkg/o1/netconf_datastore.go:50.10,51.58 1 1
github.com/hctsai1006/near-rt-ric/pkg/o1/netconf_datastore.go:54.2,54.18 1 1
github.com/hctsai1006/near-rt-ric/pkg/o1/netconf_datastore.go:54.18,59.68 3 0
github.com/hctsai1006/near-rt-ric/pkg/o1/netconf_datastore.go:59.68,61.27 1 0
github.com/hctsai1006/near-rt-ric/pkg/o1/netconf_datastore.go:61.27,62.36 1 0
github.com/hctsai1006/near-rt-ric/pkg/o1/netconf_datastore.go:62.36,64.6 1 0
github.com/hctsai1006/near-rt-ric/pkg/o1/netconf_datastore.go:66.9,67.35 1 0
github.com/hctsai1006/near-rt-ric/pkg/o1/netconf_datastore.go:67.35,68.33 1 0
github.com/hctsai1006/near-rt-ric/pkg/o1/netconf_datastore.go:68.33,70.6 1 0
github.com/hctsai1006/near-rt-ric/pkg/o1/netconf_datastore.go:73.3,73.22 1 0
github.com/hctsai1006/near-rt-ric/pkg/o1/netconf_datastore.go:76.2,76.18 1 1
github.com/hctsai1006/near-rt-ric/pkg/o1/netconf_datastore.go:79.101,84.16 4 1
github.com/hctsai1006/near-rt-ric/pkg/o1/netconf_datastore.go:85.24,86.26 1 1
github.com/hctsai1006/near-rt-ric/pkg/o1/netconf_datastore.go:87.26,88.28 1 1
github.com/hctsai1006/near-rt-ric/pkg/o1/netconf_datastore.go:89.10,90.76 1 1
github.com/hctsai1006/near-rt-ric/pkg/o1/netconf_datastore.go:93.2,94.66 2 1
github.com/hctsai1006/near-rt-ric/pkg/o1/netconf_datastore.go:94.66,96.33 1 1
github.com/hctsai1006/near-rt-ric/pkg/o1/netconf_datastore.go:96.33,98.4 1 1
github.com/hctsai1006/near-rt-ric/pkg/o1/netconf_datastore.go:99.3,100.13 2 1
github.com/hctsai1006/near-rt-ric/pkg/o1/netconf_datastore.go:103.2,103.19 1 0
github.com/hctsai1006/near-rt-ric/pkg/o1/netconf_datastore.go:104.15,105.31 1 0
github.com/hctsai1006/near-rt-ric/pkg/o1/netconf_datastore.go:105.31,107.4 1 0
github.com/hctsai1006/near-rt-ric/pkg/o1/netconf_datastore.go:108.17,109.29 1 0
github.com/hctsai1006/near-rt-ric/pkg/o1/netconf_datastore.go:109.29,111.4 1 0
github.com/hctsai1006/near-rt-ric/pkg/o1/netconf_datastore.go:112.3,112.31 1 0
github.com/hctsai1006/near-rt-ric/pkg/o1/netconf_datastore.go:112.31,114.4 1 0
github.com/hctsai1006/near-rt-ric/pkg/o1/netconf_datastore.go:115.16,116.28 1 0
github.com/hctsai1006/near-rt-ric/pkg/o1/netconf_datastore.go:116.28,118.4 1 0
github.com/hctsai1006/near-rt-ric/pkg/o1/netconf_datastore.go:119.10,120.72 1 0
github.com/hctsai1006/near-rt-ric/pkg/o1/netconf_datastore.go:123.2,123.12 1 0
github.com/hctsai1006/near-rt-ric/pkg/o1/netconf_datastore.go:126.80,131.49 4 1
github.com/hctsai1006/near-rt-ric/pkg/o1/netconf_datastore.go:131.49,133.3 1 1
github.com/hctsai1006/near-rt-ric/pkg/o1/netconf_datastore.go:135.2,140.12 2 1
github.com/hctsai1006/near-rt-ric/pkg/o1/netconf_datastore.go:143.82,149.13 5 1
github.com/hctsai1006/near-rt-ric/pkg/o1/netconf_datastore.go:149.13,151.3 1 1
github.com/hctsai1006/near-rt-ric/pkg/o1/netconf_datastore.go:153.2,153.33 1 1
github.com/hctsai1006/near-rt-ric/pkg/o1/netconf_datastore.go:153.33,155.3 1 1
github.com/hctsai1006/near-rt-ric/pkg/o1/netconf_datastore.go:157.2,158.12 2 1
github.com/hctsai1006/near-rt-ric/pkg/o1/netconf_server.go:97.134,117.48 5 1
github.com/hctsai1006/near-rt-ric/pkg/o1/netconf_server.go:117.48,120.3 2 0
github.com/hctsai1006/near-rt-ric/pkg/o1/netconf_server.go:123.2,127.20 4 1
github.com/hctsai1006/near-rt-ric/pkg/o1/netconf_server.go:131.49,166.2 2 1
github.com/hctsai1006/near-rt-ric/pkg/o1/netconf_server.go:169.51,186.38 2 1
github.com/hctsai1006/near-rt-ric/pkg/o1/netconf_server.go:186.38,193.3 2 1
github.com/hctsai1006/near-rt-ric/pkg/o1/netconf_server.go:195.2,195.100 1 1
github.com/hctsai1006/near-rt-ric/pkg/o1/netconf_server.go:199.49,201.85 1 1
github.com/hctsai1006/near-rt-ric/pkg/o1/netconf_server.go:201.85,203.58 1 1
github.com/hctsai1006/near-rt-ric/pkg/o1/netconf_server.go:203.58,205.5 1 1
github.com/hctsai1006/near-rt-ric/pkg/o1/netconf_server.go:206.4,206.51 1 1
github.com/hctsai1006/near-rt-ric/pkg/o1/netconf_server.go:211.2,212.16 2 1
github.com/hctsai1006/near-rt-ric/pkg/o1/netconf_server.go:212.16,214.3 1 0
github.com/hctsai1006/near-rt-ric/pkg/o1/netconf_server.go:216.2,217.12 2 1
github.com/hctsai1006/near-rt-ric/pkg/o1/netconf_server.go:221.59,225.16 3 1
github.com/hctsai1006/near-rt-ric/pkg/o1/netconf_server.go:225.16,227.3 1 1
github.com/hctsai1006/near-rt-ric/pkg/o1/netconf_server.go:229.2,239.16 5 1
github.com/hctsai1006/near-rt-ric/pkg/o1/netconf_server.go:239.16,241.3 1 0
github.com/hctsai1006/near-rt-ric/pkg/o1/netconf_server.go:244.2,244.35 1 1
github.com/hctsai1006/near-rt-ric/pkg/o1/netconf_server.go:244.35,251.82 3 0
github.com/hctsai1006/near-rt-ric/pkg/o1/netconf_server.go:251.82,253.18 2 0
github.com/hctsai1006/near-rt-ric/pkg/o1/netconf_server.go:253.18,256.5 2 0
github.com/hctsai1006/near-rt-ric/pkg/o1/netconf_server.go:257.4,257.52 1 0
github.com/hctsai1006/near-rt-ric/pkg/o1/netconf_server.go:260.3,261.17 2 0
github.com/hctsai1006/near-rt-ric/pkg/o1/netconf_server.go:261.17,264.4 2 0
github.com/hctsai1006/near-rt-ric/pkg/o1/netconf_server.go:267.3,268.31 2 0
github.com/hctsai1006/near-rt-ric/pkg/o1/netconf_server.go:272.2,283.12 8 1
github.com/hctsai1006/near-rt-ric/pkg/o1/netconf_server.go:287.58,291.17 3 1
github.com/hctsai1006/near-rt-ric/pkg/o1/netconf_server.go:291.17,293.3 1 0
github.com/hctsai1006/near-rt-ric/pkg/o1/netconf_server.go:295.2,298.24 2 1
github.com/hctsai1006/near-rt-ric/pkg/o1/netconf_server.go:298.24,300.3 1 1
github.com/hctsai1006/near-rt-ric/pkg/o1/netconf_server.go:301.2,301.27 1 1
github.com/hctsai1006/near-rt-ric/pkg/o1/netconf_server.go:301.27,303.3 1 0
github.com/hctsai1006/near-rt-ric/pkg/o1/netconf_server.go:306.2,307.38 2 1
github.com/hctsai1006/near-rt-ric/pkg/o1/netconf_server.go:307.38,309.3 1 0
github.com/hctsai1006/near-rt-ric/pkg/o1/netconf_server.go:310.2,317.12 5 1
github.com/hctsai1006/near-rt-ric/pkg/o1/netconf_server.go:317.12,320.3 2 1
github.com/hctsai1006/near-rt-ric/pkg/o1/netconf_server.go:322.2,322.9 1 1
github.com/hctsai1006/near-rt-ric/pkg/o1/netconf_server.go:323.14,324.56 1 1
github.com/hctsai1006/near-rt-ric/pkg/o1/netconf_server.go:325.20,326.52 1 0
github.com/hctsai1006/near-rt-ric/pkg/o1/netconf_server.go:329.2,330.12 2 1
github.com/hctsai1006/near-rt-ric/pkg/o1/netconf_server.go:334.49,337.6 2 1
github.com/hctsai1006/near-rt-ric/pkg/o1/netconf_server.go:337.6,339.17 2 1
github.com/hctsai1006/near-rt-ric/pkg/o1/netconf_server.go:339.17,340.11 1 1
github.com/hctsai1006/near-rt-ric/pkg/o1/netconf_server.go:341.25,342.11 1 1
github.com/hctsai1006/near-rt-ric/pkg/o1/netconf_server.go:343.12,345.13 2 1
github.com/hctsai1006/near-rt-ric/pkg/o1/netconf_server.go:349.3,349.34 1 0
github.com/hctsai1006/near-rt-ric/pkg/o1/netconf_server.go:354.49,357.6 2 0
github.com/hctsai1006/near-rt-ric/pkg/o1/netconf_server.go:357.6,359.17 2 0
github.com/hctsai1006/near-rt-ric/pkg/o1/netconf_server.go:359.17,360.11 1 0
github.com/hctsai1006/near-rt-ric/pkg/o1/netconf_server.go:361.25,362.11 1 0
github.com/hctsai1006/near-rt-ric/pkg/o1/netconf_server.go:363.12,365.13 2 0
github.com/hctsai1006/near-rt-ric/pkg/o1/netconf_server.go:369.3,369.34 1 0
github.com/hctsai1006/near-rt-ric/pkg/o1/netconf_server.go:374.61,379.16 3 0
github.com/hctsai1006/near-rt-ric/pkg/o1/netconf_server.go:379.16,382.3 2 0
github.com/hctsai1006/near-rt-ric/pkg/o1/netconf_server.go:383.2,393.32 4 0
github.com/hctsai1006/near-rt-ric/pkg/o1/netconf_server.go:393.32,394.44 1 0
github.com/hctsai1006/near-rt-ric/pkg/o1/netconf_server.go:394.44,396.12 2 0
github.com/hctsai1006/near-rt-ric/pkg/o1/netconf_server.go:399.3,400.17 2 0
github.com/hctsai1006/near-rt-ric/pkg/o1/netconf_server.go:400.17,402.12 2 0
github.com/hctsai1006/near-rt-ric/pkg/o1/netconf_server.go:405.3,405.92 1 0
github.com/hctsai1006/near-rt-ric/pkg/o1/netconf_server.go:410.61,417.2 3 0
github.com/hctsai1006/near-rt-ric/pkg/o1/netconf_server.go:420.131,421.15 1 0
github.com/hctsai1006/near-rt-ric/pkg/o1/netconf_server.go:421.15,422.41 1 0
github.com/hctsai1006/near-rt-ric/pkg/o1/netconf_server.go:422.41,424.4 1 0
github.com/hctsai1006/near-rt-ric/pkg/o1/netconf_server.go:428.2,430.20 3 0
github.com/hctsai1006/near-rt-ric/pkg/o1/netconf_server.go:430.20,433.3 2 0
github.com/hctsai1006/near-rt-ric/pkg/o1/netconf_server.go:435.2,460.21 6 0
github.com/hctsai1006/near-rt-ric/pkg/o1/netconf_server.go:460.21,461.13 1 0
github.com/hctsai1006/near-rt-ric/pkg/o1/netconf_server.go:461.13,462.30 1 0
github.com/hctsai1006/near-rt-ric/pkg/o1/netconf_server.go:462.30,463.21 1 0
github.com/hctsai1006/near-rt-ric/pkg/o1/netconf_server.go:464.22,465.46 1 0
github.com/hctsai1006/near-rt-ric/pkg/o1/netconf_server.go:465.46,467.7 1 0
github.com/hctsai1006/near-rt-ric/pkg/o1/netconf_server.go:467.12,469.7 1 0
github.com/hctsai1006/near-rt-ric/pkg/o1/netconf_server.go:470.13,471.27 1 0
github.com/hctsai1006/near-rt-ric/pkg/o1/netconf_server.go:478.2,478.44 1 0
github.com/hctsai1006/near-rt-ric/pkg/o1/netconf_server.go:478.44,481.3 2 0
github.com/hctsai1006/near-rt-ric/pkg/o1/netconf_server.go:484.2,486.76 2 0
github.com/hctsai1006/near-rt-ric/pkg/o1/netconf_server.go:490.75,492.2 1 1
github.com/hctsai1006/near-rt-ric/pkg/o1/netconf_server.go:495.50,502.2 5 1
github.com/hctsai1006/near-rt-ric/pkg/o1/netconf_server.go:505.43,509.2 3 1
github.com/hctsai1006/near-rt-ric/pkg/o1/netconf_server.go:514.76,533.2 8 1
github.com/hctsai1006/near-rt-ric/pkg/o1/netconf_server.go:536.71,541.2 3 1
github.com/hctsai1006/near-rt-ric/pkg/o1/netconf_server.go:544.58,549.2 3 1
github.com/hctsai1006/near-rt-ric/pkg/o1/netconf_server.go:552.43,558.6 4 1
github.com/hctsai1006/near-rt-ric/pkg/o1/netconf_server.go:558.6,559.10 1 1
github.com/hctsai1006/near-rt-ric/pkg/o1/netconf_server.go:560.24,561.10 1 1
github.com/hctsai1006/near-rt-ric/pkg/o1/netconf_server.go:562.19,563.23 1 0
github.com/hctsai1006/near-rt-ric/pkg/o1/netconf_server.go:569.43,583.2 5 0
github.com/hctsai1006/near-rt-ric/pkg/o1/netconf_server.go:585.44,587.16 2 1
github.com/hctsai1006/near-rt-ric/pkg/o1/netconf_server.go:587.16,589.3 1 0
github.com/hctsai1006/near-rt-ric/pkg/o1/netconf_server.go:590.2,590.34 1 1
github.com/hctsai1006/near-rt-ric/pkg/o1/netconf_session.go:33.53,45.47 2 0
github.com/hctsai1006/near-rt-ric/pkg/o1/netconf_session.go:45.47,47.3 1 0
github.com/hctsai1006/near-rt-ric/pkg/o1/netconf_session.go:49.2,50.12 2 0
github.com/hctsai1006/near-rt-ric/pkg/o1/netconf_session.go:54.53,58.43 2 0
github.com/hctsai1006/near-rt-ric/pkg/o1/netconf_session.go:58.43,61.3 2 0
github.com/hctsai1006/near-rt-ric/pkg/o1/netconf_session.go:64.2,64.6 1 0
github.com/hctsai1006/near-rt-ric/pkg/o1/netconf_session.go:64.6,65.10 1 0
github.com/hctsai1006/near-rt-ric/pkg/o1/netconf_session.go:66.25,67.10 1 0
github.com/hctsai1006/near-rt-ric/pkg/o1/netconf_session.go:68.11,69.51 1 0
github.com/hctsai1006/near-rt-ric/pkg/o1/netconf_session.go:69.51,70.22 1 0
github.com/hctsai1006/near-rt-ric/pkg/o1/netconf_session.go:70.22,73.6 2 0
github.com/hctsai1006/near-rt-ric/pkg/o1/netconf_session.go:74.5,75.11 2 0
github.com/hctsai1006/near-rt-ric/pkg/o1/netconf_session.go:82.56,90.51 2 0
github.com/hctsai1006/near-rt-ric/pkg/o1/netconf_session.go:90.51,92.3 1 0
github.com/hctsai1006/near-rt-ric/pkg/o1/netconf_session.go:95.2,96.41 2 0
github.com/hctsai1006/near-rt-ric/pkg/o1/netconf_session.go:96.41,98.3 1 0
github.com/hctsai1006/near-rt-ric/pkg/o1/netconf_session.go:100.2,108.12 3 0
github.com/hctsai1006/near-rt-ric/pkg/o1/netconf_session.go:112.73,114.33 1 0
github.com/hctsai1006/near-rt-ric/pkg/o1/netconf_session.go:114.33,115.27 1 0
github.com/hctsai1006/near-rt-ric/pkg/o1/netconf_session.go:115.27,118.4 2 0
github.com/hctsai1006/near-rt-ric/pkg/o1/netconf_session.go:120.2,120.53 1 0
github.com/hctsai1006/near-rt-ric/pkg/o1/netconf_session.go:124.62,126.49 2 0
github.com/hctsai1006/near-rt-ric/pkg/o1/netconf_session.go:126.49,128.3 1 0
github.com/hctsai1006/near-rt-ric/pkg/o1/netconf_session.go:130.2,138.16 6 0
github.com/hctsai1006/near-rt-ric/pkg/o1/netconf_session.go:138.16,141.3 2 0
github.com/hctsai1006/near-rt-ric/pkg/o1/netconf_session.go:141.8,143.3 1 0
github.com/hctsai1006/near-rt-ric/pkg/o1/netconf_session.go:146.2,146.41 1 0
github.com/hctsai1006/near-rt-ric/pkg/o1/netconf_session.go:146.41,151.3 1 0
github.com/hctsai1006/near-rt-ric/pkg/o1/netconf_session.go:154.2,154.47 1 0
github.com/hctsai1006/near-rt-ric/pkg/o1/netconf_session.go:154.47,156.3 1 0
github.com/hctsai1006/near-rt-ric/pkg/o1/netconf_session.go:158.2,164.12 2 0
github.com/hctsai1006/near-rt-ric/pkg/o1/netconf_session.go:168.89,176.16 4 0
github.com/hctsai1006/near-rt-ric/pkg/o1/netconf_session.go:176.16,184.3 2 0
github.com/hctsai1006/near-rt-ric/pkg/o1/netconf_session.go:187.2,187.38 1 0
github.com/hctsai1006/near-rt-ric/pkg/o1/netconf_session.go:187.38,195.3 2 0
github.com/hctsai1006/near-rt-ric/pkg/o1/netconf_session.go:197.2,200.19 3 0
github.com/hctsai1006/near-rt-ric/pkg/o1/netconf_session.go:201.18,203.87 2 0
github.com/hctsai1006/near-rt-ric/pkg/o1/netconf_session.go:205.24,207.90 2 0
github.com/hctsai1006/near-rt-ric/pkg/o1/netconf_session.go:209.25,212.23 3 0
github.com/hctsai1006/near-rt-ric/pkg/o1/netconf_session.go:212.23,214.4 1 0
github.com/hctsai1006/near-rt-ric/pkg/o1/netconf_session.go:216.25,219.23 3 0
github.com/hctsai1006/near-rt-ric/pkg/o1/netconf_session.go:219.23,221.4 1 0
github.com/hctsai1006/near-rt-ric/pkg/o1/netconf_session.go:223.27,226.23 3 0
github.com/hctsai1006/near-rt-ric/pkg/o1/netconf_session.go:226.23,228.4 1 0
github.com/hctsai1006/near-rt-ric/pkg/o1/netconf_session.go:230.19,233.23 3 0
github.com/hctsai1006/near-rt-ric/pkg/o1/netconf_session.go:233.23,235.4 1 0
github.com/hctsai1006/near-rt-ric/pkg/o1/netconf_session.go:237.21,240.23 3 0
github.com/hctsai1006/near-rt-ric/pkg/o1/netconf_session.go:240.23,242.4 1 0
github.com/hctsai1006/near-rt-ric/pkg/o1/netconf_session.go:244.27,246.23 2 0
github.com/hctsai1006/near-rt-ric/pkg/o1/netconf_session.go:246.23,248.4 1 0
github.com/hctsai1006/near-rt-ric/pkg/o1/netconf_session.go:250.26,253.23 3 0
github.com/hctsai1006/near-rt-ric/pkg/o1/netconf_session.go:253.23,255.4 1 0
github.com/hctsai1006/near-rt-ric/pkg/o1/netconf_session.go:257.10,264.20 2 0
github.com/hctsai1006/near-rt-ric/pkg/o1/netconf_session.go:268.2,268.22 1 0
github.com/hctsai1006/near-rt-ric/pkg/o1/netconf_session.go:268.22,276.3 2 0
github.com/hctsai1006/near-rt-ric/pkg/o1/netconf_session.go:279.2,279.17 1 0
github.com/hctsai1006/near-rt-ric/pkg/o1/netconf_session.go:279.17,281.3 1 0
github.com/hctsai1006/near-rt-ric/pkg/o1/netconf_session.go:283.2,283.19 1 0
github.com/hctsai1006/near-rt-ric/pkg/o1/netconf_session.go:287.70,292.48 3 0
github.com/hctsai1006/near-rt-ric/pkg/o1/netconf_session.go:292.48,294.3 1 0
github.com/hctsai1006/near-rt-ric/pkg/o1/netconf_session.go:297.2,297.71 1 0
github.com/hctsai1006/near-rt-ric/pkg/o1/netconf_session.go:297.71,299.3 1 0
github.com/hctsai1006/near-rt-ric/pkg/o1/netconf_session.go:302.2,304.12 2 0
github.com/hctsai1006/near-rt-ric/pkg/o1/netconf_session.go:308.73,313.6 3 0
github.com/hctsai1006/near-rt-ric/pkg/o1/netconf_session.go:313.6,315.17 2 0
github.com/hctsai1006/near-rt-ric/pkg/o1/netconf_session.go:315.17,317.4 1 0
github.com/hctsai1006/near-rt-ric/pkg/o1/netconf_session.go:319.3,323.65 3 0
github.com/hctsai1006/near-rt-ric/pkg/o1/netconf_session.go:323.65,327.9 3 0
github.com/hctsai1006/near-rt-ric/pkg/o1/netconf_session.go:332.2,332.56 1 0
github.com/hctsai1006/near-rt-ric/pkg/o1/netconf_session.go:332.56,334.3 1 0
github.com/hctsai1006/near-rt-ric/pkg/o1/netconf_session.go:336.2,336.12 1 0
github.com/hctsai1006/near-rt-ric/pkg/o1/netconf_session.go:340.97,343.45 2 0
github.com/hctsai1006/near-rt-ric/pkg/o1/netconf_session.go:343.45,345.3 1 0
github.com/hctsai1006/near-rt-ric/pkg/o1/netconf_session.go:345.8,345.59 1 0
github.com/hctsai1006/near-rt-ric/pkg/o1/netconf_session.go:345.59,347.3 1 0
github.com/hctsai1006/near-rt-ric/pkg/o1/netconf_session.go:347.8,347.60 1 0
github.com/hctsai1006/near-rt-ric/pkg/o1/netconf_session.go:347.60,349.3 1 0
github.com/hctsai1006/near-rt-ric/pkg/o1/netconf_session.go:349.8,349.60 1 0
github.com/hctsai1006/near-rt-ric/pkg/o1/netconf_session.go:349.60,351.3 1 0
github.com/hctsai1006/near-rt-ric/pkg/o1/netconf_session.go:351.8,351.62 1 0
github.com/hctsai1006/near-rt-ric/pkg/o1/netconf_session.go:351.62,353.3 1 0
github.com/hctsai1006/near-rt-ric/pkg/o1/netconf_session.go:353.8,353.53 1 0
github.com/hctsai1006/near-rt-ric/pkg/o1/netconf_session.go:353.53,355.3 1 0
github.com/hctsai1006/near-rt-ric/pkg/o1/netconf_session.go:355.8,355.55 1 0
github.com/hctsai1006/near-rt-ric/pkg/o1/netconf_session.go:355.55,357.3 1 0
github.com/hctsai1006/near-rt-ric/pkg/o1/netconf_session.go:357.8,357.62 1 0
github.com/hctsai1006/near-rt-ric/pkg/o1/netconf_session.go:357.62,359.3 1 0
github.com/hctsai1006/near-rt-ric/pkg/o1/netconf_session.go:359.8,359.61 1 0
github.com/hctsai1006/near-rt-ric/pkg/o1/netconf_session.go:359.61,361.3 1 0
github.com/hctsai1006/near-rt-ric/pkg/o1/netconf_session.go:363.2,363.69 1 0
github.com/hctsai1006/near-rt-ric/pkg/o1/netconf_session.go:367.77,370.17 2 0
github.com/hctsai1006/near-rt-ric/pkg/o1/netconf_session.go:370.17,372.3 1 0
github.com/hctsai1006/near-rt-ric/pkg/o1/netconf_session.go:373.2,374.15 2 0
github.com/hctsai1006/near-rt-ric/pkg/o1/netconf_session.go:374.15,376.3 1 0
github.com/hctsai1006/near-rt-ric/pkg/o1/netconf_session.go:377.2,377.42 1 0
github.com/hctsai1006/near-rt-ric/pkg/o1/netconf_session.go:381.96,387.52 2 0
github.com/hctsai1006/near-rt-ric/pkg/o1/netconf_session.go:387.52,389.3 1 0
github.com/hctsai1006/near-rt-ric/pkg/o1/netconf_session.go:389.8,389.57 1 0
github.com/hctsai1006/near-rt-ric/pkg/o1/netconf_session.go:389.57,391.3 1 0
github.com/hctsai1006/near-rt-ric/pkg/o1/netconf_session.go:394.2,396.12 2 0
github.com/hctsai1006/near-rt-ric/pkg/o1/netconf_session.go:400.98,406.52 2 0
github.com/hctsai1006/near-rt-ric/pkg/o1/netconf_session.go:406.52,408.3 1 0
github.com/hctsai1006/near-rt-ric/pkg/o1/netconf_session.go:411.2,411.84 1 0
github.com/hctsai1006/near-rt-ric/pkg/o1/netconf_session.go:411.84,413.3 1 0
github.com/hctsai1006/near-rt-ric/pkg/o1/netconf_session.go:413.8,413.93 1 0
github.com/hctsai1006/near-rt-ric/pkg/o1/netconf_session.go:413.93,415.3 1 0
github.com/hctsai1006/near-rt-ric/pkg/o1/netconf_session.go:415.8,415.90 1 0
github.com/hctsai1006/near-rt-ric/pkg/o1/netconf_session.go:415.90,417.3 1 0
github.com/hctsai1006/near-rt-ric/pkg/o1/netconf_session.go:420.2,421.17 2 0
github.com/hctsai1006/near-rt-ric/pkg/o1/netconf_session.go:421.17,423.16 2 0
github.com/hctsai1006/near-rt-ric/pkg/o1/netconf_session.go:423.16,425.4 1 0
github.com/hctsai1006/near-rt-ric/pkg/o1/netconf_session.go:428.2,428.12 1 0
github.com/hctsai1006/near-rt-ric/pkg/o1/netconf_session.go:432.110,437.60 3 0
github.com/hctsai1006/near-rt-ric/pkg/o1/netconf_session.go:437.60,439.3 1 0
github.com/hctsai1006/near-rt-ric/pkg/o1/netconf_session.go:439.8,439.65 1 0
github.com/hctsai1006/near-rt-ric/pkg/o1/netconf_session.go:439.65,441.3 1 0
github.com/hctsai1006/near-rt-ric/pkg/o1/netconf_session.go:443.2,443.60 1 0
github.com/hctsai1006/near-rt-ric/pkg/o1/netconf_session.go:443.60,445.3 1 0
github.com/hctsai1006/near-rt-ric/pkg/o1/netconf_session.go:445.8,445.65 1 0
github.com/hctsai1006/near-rt-ric/pkg/o1/netconf_session.go:445.65,447.3 1 0
github.com/hctsai1006/near-rt-ric/pkg/o1/netconf_session.go:449.2,449.23 1 0
github.com/hctsai1006/near-rt-ric/pkg/o1/netconf_session.go:453.95,454.52 1 0
github.com/hctsai1006/near-rt-ric/pkg/o1/netconf_session.go:454.52,456.3 1 0
github.com/hctsai1006/near-rt-ric/pkg/o1/netconf_session.go:456.8,456.57 1 0
github.com/hctsai1006/near-rt-ric/pkg/o1/netconf_session.go:456.57,458.3 1 0
github.com/hctsai1006/near-rt-ric/pkg/o1/netconf_session.go:459.2,459.25 1 0
github.com/hctsai1006/near-rt-ric/pkg/o1/netconf_session.go:463.87,464.52 1 0
github.com/hctsai1006/near-rt-ric/pkg/o1/netconf_session.go:464.52,466.3 1 0
github.com/hctsai1006/near-rt-ric/pkg/o1/netconf_session.go:466.8,466.57 1 0
github.com/hctsai1006/near-rt-ric/pkg/o1/netconf_session.go:466.57,468.3 1 0
github.com/hctsai1006/near-rt-ric/pkg/o1/netconf_session.go:469.2,469.25 1 0
github.com/hctsai1006/near-rt-ric/pkg/o1/netconf_session.go:473.89,474.52 1 0
github.com/hctsai1006/near-rt-ric/pkg/o1/netconf_session.go:474.52,476.3 1 0
github.com/hctsai1006/near-rt-ric/pkg/o1/netconf_session.go:476.8,476.57 1 0
github.com/hctsai1006/near-rt-ric/pkg/o1/netconf_session.go:476.57,478.3 1 0
github.com/hctsai1006/near-rt-ric/pkg/o1/netconf_session.go:479.2,479.25 1 0
github.com/hctsai1006/near-rt-ric/pkg/o1/netconf_session.go:483.87,486.17 2 0
github.com/hctsai1006/near-rt-ric/pkg/o1/netconf_session.go:486.17,488.3 1 0
github.com/hctsai1006/near-rt-ric/pkg/o1/netconf_session.go:489.2,490.15 2 0
github.com/hctsai1006/near-rt-ric/pkg/o1/netconf_session.go:490.15,492.3 1 0
github.com/hctsai1006/near-rt-ric/pkg/o1/netconf_session.go:494.2,497.18 4 0
github.com/hctsai1006/near-rt-ric/pkg/o1/o1_impl.go:25.129,29.16 3 1
github.com/hctsai1006/near-rt-ric/pkg/o1/o1_impl.go:29.16,32.3 2 0
github.com/hctsai1006/near-rt-ric/pkg/o1/o1_impl.go:34.2,44.8 2 1
github.com/hctsai1006/near-rt-ric/pkg/o1/o1_impl.go:47.37,48.15 1 1
github.com/hctsai1006/near-rt-ric/pkg/o1/o1_impl.go:48.15,50.3 1 1
github.com/hctsai1006/near-rt-ric/pkg/o1/o1_impl.go:51.2,52.53 2 1
github.com/hctsai1006/near-rt-ric/pkg/o1/o1_impl.go:52.53,54.3 1 0
github.com/hctsai1006/near-rt-ric/pkg/o1/o1_impl.go:55.2,55.52 1 1
github.com/hctsai1006/near-rt-ric/pkg/o1/o1_impl.go:55.52,57.3 1 0
github.com/hctsai1006/near-rt-ric/pkg/o1/o1_impl.go:58.2,60.12 3 1
github.com/hctsai1006/near-rt-ric/pkg/o1/o1_impl.go:63.36,66.52 3 1
github.com/hctsai1006/near-rt-ric/pkg/o1/o1_impl.go:66.52,68.3 1 0
github.com/hctsai1006/near-rt-ric/pkg/o1/o1_impl.go:69.2,69.51 1 1
github.com/hctsai1006/near-rt-ric/pkg/o1/o1_impl.go:69.51,71.3 1 0
github.com/hctsai1006/near-rt-ric/pkg/o1/o1_impl.go:72.2,73.12 2 1
github.com/hctsai1006/near-rt-ric/pkg/o1/o1_impl.go:76.51,78.2 1 0
github.com/hctsai1006/near-rt-ric/pkg/o1/o1_impl.go:80.52,82.2 1 0
github.com/hctsai1006/near-rt-ric/pkg/o1/o1_impl.go:84.68,86.2 1 0
github.com/hctsai1006/near-rt-ric/pkg/o1/o1_impl.go:88.70,90.2 1 0
github.com/hctsai1006/near-rt-ric/pkg/o1/o1_impl.go:92.64,94.2 1 0
github.com/hctsai1006/near-rt-ric/pkg/o1/o1_impl.go:96.55,98.2 1 0
github.com/hctsai1006/near-rt-ric/pkg/o1/o1_impl.go:100.100,102.2 1 0
github.com/hctsai1006/near-rt-ric/pkg/o1/types.go:378.41,380.2 1 0
github.com/hctsai1006/near-rt-ric/pkg/o1/types.go:382.44,384.2 1 0
github.com/hctsai1006/near-rt-ric/pkg/o1/types.go:386.41,388.2 1 1
github.com/hctsai1006/near-rt-ric/pkg/o1/types.go:390.41,392.2 1 0
github.com/hctsai1006/near-rt-ric/pkg/o1/types.go:394.40,396.2 1 0
github.com/hctsai1006/near-rt-ric/pkg/o1/types.go:399.40,400.12 1 0
github.com/hctsai1006/near-rt-ric/pkg/o1/types.go:401.108,402.14 1 0
github.com/hctsai1006/near-rt-ric/pkg/o1/types.go:403.10,404.15 1 0
github.com/hctsai1006/near-rt-ric/pkg/o1/types.go:409.43,410.12 1 0
github.com/hctsai1006/near-rt-ric/pkg/o1/types.go:412.93,413.14 1 0
github.com/hctsai1006/near-rt-ric/pkg/o1/types.go:414.10,415.15 1 0
github.com/hctsai1006/near-rt-ric/pkg/o1/types.go:420.40,421.12 1 0
github.com/hctsai1006/near-rt-ric/pkg/o1/types.go:422.62,423.14 1 0
github.com/hctsai1006/near-rt-ric/pkg/o1/types.go:424.10,425.15 1 0
github.com/hctsai1006/near-rt-ric/pkg/o1/types.go:430.33,432.2 1 0
github.com/hctsai1006/near-rt-ric/pkg/o1/types.go:435.39,437.2 1 0
github.com/hctsai1006/near-rt-ric/pkg/o1/types.go:440.40,442.2 1 0
github.com/hctsai1006/near-rt-ric/pkg/o1/types.go:445.45,446.19 1 0
github.com/hctsai1006/near-rt-ric/pkg/o1/types.go:446.19,448.3 1 0
github.com/hctsai1006/near-rt-ric/pkg/o1/types.go:449.2,450.35 2 0
github.com/hctsai1006/near-rt-ric/pkg/o1/utils.go:14.48,15.22 1 0
github.com/hctsai1006/near-rt-ric/pkg/o1/utils.go:15.22,17.3 1 0
github.com/hctsai1006/near-rt-ric/pkg/o1/utils.go:18.2,18.27 1 0
github.com/hctsai1006/near-rt-ric/pkg/o1/utils.go:18.27,20.3 1 0
github.com/hctsai1006/near-rt-ric/pkg/o1/utils.go:21.2,21.25 1 0
github.com/hctsai1006/near-rt-ric/pkg/o1/utils.go:21.25,23.3 1 0
github.com/hctsai1006/near-rt-ric/pkg/o1/utils.go:24.2,24.26 1 0
github.com/hctsai1006/near-rt-ric/pkg/o1/utils.go:24.26,26.3 1 0
github.com/hctsai1006/near-rt-ric/pkg/o1/utils.go:27.2,27.12 1 0
github.com/hctsai1006/near-rt-ric/pkg/o1/utils.go:33.100,43.2 1 0
github.com/hctsai1006/near-rt-ric/pkg/o1/utils.go:46.87,54.17 2 0
github.com/hctsai1006/near-rt-ric/pkg/o1/utils.go:54.17,56.3 1 0
github.com/hctsai1006/near-rt-ric/pkg/o1/utils.go:56.8,58.3 1 0
github.com/hctsai1006/near-rt-ric/pkg/o1/utils.go:60.2,60.14 1 0
github.com/hctsai1006/near-rt-ric/pkg/o1/utils.go:64.109,77.2 1 0
github.com/hctsai1006/near-rt-ric/pkg/o1/utils.go:80.71,82.35 2 0
github.com/hctsai1006/near-rt-ric/pkg/o1/utils.go:82.35,84.3 1 0
github.com/hctsai1006/near-rt-ric/pkg/o1/utils.go:85.2,85.15 1 0
github.com/hctsai1006/near-rt-ric/pkg/o1/utils.go:91.57,92.18 1 0
github.com/hctsai1006/near-rt-ric/pkg/o1/utils.go:93.21,94.20 1 0
github.com/hctsai1006/near-rt-ric/pkg/o1/utils.go:95.18,96.17 1 0
github.com/hctsai1006/near-rt-ric/pkg/o1/utils.go:97.18,98.17 1 0
github.com/hctsai1006/near-rt-ric/pkg/o1/utils.go:99.20,100.19 1 0
github.com/hctsai1006/near-rt-ric/pkg/o1/utils.go:101.10,102.19 1 0
github.com/hctsai1006/near-rt-ric/pkg/o1/utils.go:107.56,108.18 1 0
github.com/hctsai1006/near-rt-ric/pkg/o1/utils.go:109.21,110.11 1 0
github.com/hctsai1006/near-rt-ric/pkg/o1/utils.go:111.18,112.11 1 0
github.com/hctsai1006/near-rt-ric/pkg/o1/utils.go:113.18,114.11 1 0
github.com/hctsai1006/near-rt-ric/pkg/o1/utils.go:115.20,116.11 1 0
github.com/hctsai1006/near-rt-ric/pkg/o1/utils.go:117.10,118.12 1 0
github.com/hctsai1006/near-rt-ric/pkg/o1/utils.go:125.86,126.36 1 0
github.com/hctsai1006/near-rt-ric/pkg/o1/utils.go:126.36,128.3 1 0
github.com/hctsai1006/near-rt-ric/pkg/o1/utils.go:129.2,129.60 1 0
github.com/hctsai1006/near-rt-ric/pkg/o1/utils.go:133.63,134.27 1 0
github.com/hctsai1006/near-rt-ric/pkg/o1/utils.go:135.15,136.18 1 0
github.com/hctsai1006/near-rt-ric/pkg/o1/utils.go:136.18,138.4 1 0
github.com/hctsai1006/near-rt-ric/pkg/o1/utils.go:138.9,138.29 1 0
github.com/hctsai1006/near-rt-ric/pkg/o1/utils.go:138.29,140.4 1 0
github.com/hctsai1006/near-rt-ric/pkg/o1/utils.go:140.9,142.4 1 0
github.com/hctsai1006/near-rt-ric/pkg/o1/utils.go:143.13,144.22 1 0
github.com/hctsai1006/near-rt-ric/pkg/o1/utils.go:144.22,146.4 1 0
github.com/hctsai1006/near-rt-ric/pkg/o1/utils.go:146.9,148.4 1 0
github.com/hctsai1006/near-rt-ric/pkg/o1/utils.go:149.11,150.39 1 0
github.com/hctsai1006/near-rt-ric/pkg/o1/utils.go:151.10,152.39 1 0
github.com/hctsai1006/near-rt-ric/pkg/o1/utils.go:157.38,159.18 2 0
github.com/hctsai1006/near-rt-ric/pkg/o1/utils.go:159.18,161.3 1 0
github.com/hctsai1006/near-rt-ric/pkg/o1/utils.go:162.2,163.46 2 0
github.com/hctsai1006/near-rt-ric/pkg/o1/utils.go:163.46,166.3 2 0
github.com/hctsai1006/near-rt-ric/pkg/o1/utils.go:167.2,168.72 2 0
github.com/hctsai1006/near-rt-ric/pkg/o1/utils.go:174.55,175.26 1 0
github.com/hctsai1006/near-rt-ric/pkg/o1/utils.go:175.26,177.3 1 0
github.com/hctsai1006/near-rt-ric/pkg/o1/utils.go:178.2,178.12 1 0
github.com/hctsai1006/near-rt-ric/pkg/o1/utils.go:182.65,183.26 1 0
github.com/hctsai1006/near-rt-ric/pkg/o1/utils.go:183.26,185.3 1 0
github.com/hctsai1006/near-rt-ric/pkg/o1/utils.go:186.2,186.12 1 0
github.com/hctsai1006/near-rt-ric/pkg/o1/utils.go:192.53,193.23 1 0
github.com/hctsai1006/near-rt-ric/pkg/o1/utils.go:193.23,195.3 1 0
github.com/hctsai1006/near-rt-ric/pkg/o1/utils.go:196.2,196.25 1 0
github.com/hctsai1006/near-rt-ric/pkg/o1/utils.go:196.25,198.3 1 0
github.com/hctsai1006/near-rt-ric/pkg/o1/utils.go:199.2,199.23 1 0
github.com/hctsai1006/near-rt-ric/pkg/o1/utils.go:199.23,201.3 1 0
github.com/hctsai1006/near-rt-ric/pkg/o1/utils.go:203.2,204.32 2 0
github.com/hctsai1006/near-rt-ric/pkg/o1/utils.go:204.32,206.3 1 0
github.com/hctsai1006/near-rt-ric/pkg/o1/utils.go:208.2,208.12 1 0
github.com/hctsai1006/near-rt-ric/pkg/o1/utils.go:212.51,213.30 1 0
github.com/hctsai1006/near-rt-ric/pkg/o1/utils.go:213.30,215.3 1 0
github.com/hctsai1006/near-rt-ric/pkg/o1/utils.go:216.2,216.27 1 0
github.com/hctsai1006/near-rt-ric/pkg/o1/utils.go:216.27,218.3 1 0
github.com/hctsai1006/near-rt-ric/pkg/o1/utils.go:219.2,219.24 1 0
github.com/hctsai1006/near-rt-ric/pkg/o1/utils.go:219.24,221.3 1 0
github.com/hctsai1006/near-rt-ric/pkg/o1/utils.go:222.2,222.23 1 0
github.com/hctsai1006/near-rt-ric/pkg/o1/utils.go:222.23,224.3 1 0
github.com/hctsai1006/near-rt-ric/pkg/o1/utils.go:225.2,225.29 1 0
github.com/hctsai1006/near-rt-ric/pkg/o1/utils.go:225.29,227.3 1 0
github.com/hctsai1006/near-rt-ric/pkg/o1/utils.go:228.2,228.12 1 0
github.com/hctsai1006/near-rt-ric/pkg/o1/utils.go:234.63,235.25 1 0
github.com/hctsai1006/near-rt-ric/pkg/o1/utils.go:235.25,237.3 1 0
github.com/hctsai1006/near-rt-ric/pkg/o1/utils.go:238.2,238.28 1 0
github.com/hctsai1006/near-rt-ric/pkg/o1/utils.go:238.28,240.3 1 0
github.com/hctsai1006/near-rt-ric/pkg/o1/utils.go:242.2,243.37 2 0
github.com/hctsai1006/near-rt-ric/pkg/o1/utils.go:243.37,245.3 1 0
github.com/hctsai1006/near-rt-ric/pkg/o1/utils.go:247.2,247.12 1 0
github.com/hctsai1006/near-rt-ric/pkg/o1/utils.go:251.57,252.31 1 0
github.com/hctsai1006/near-rt-ric/pkg/o1/utils.go:252.31,254.3 1 0
github.com/hctsai1006/near-rt-ric/pkg/o1/utils.go:255.2,255.30 1 0
github.com/hctsai1006/near-rt-ric/pkg/o1/utils.go:255.30,257.3 1 0
github.com/hctsai1006/near-rt-ric/pkg/o1/utils.go:259.2,260.42 2 0
github.com/hctsai1006/near-rt-ric/pkg/o1/utils.go:260.42,262.3 1 0
github.com/hctsai1006/near-rt-ric/pkg/o1/utils.go:264.2,264.30 1 0
github.com/hctsai1006/near-rt-ric/pkg/o1/utils.go:264.30,266.3 1 0
github.com/hctsai1006/near-rt-ric/pkg/o1/utils.go:267.2,267.31 1 0
github.com/hctsai1006/near-rt-ric/pkg/o1/utils.go:267.31,269.3 1 0
github.com/hctsai1006/near-rt-ric/pkg/o1/utils.go:270.2,270.29 1 0
github.com/hctsai1006/near-rt-ric/pkg/o1/utils.go:270.29,272.3 1 0
github.com/hctsai1006/near-rt-ric/pkg/o1/utils.go:274.2,275.40 2 0
github.com/hctsai1006/near-rt-ric/pkg/o1/utils.go:275.40,277.3 1 0
github.com/hctsai1006/near-rt-ric/pkg/o1/utils.go:279.2,279.12 1 0
github.com/hctsai1006/near-rt-ric/pkg/o1/utils.go:285.125,296.2 1 0
github.com/hctsai1006/near-rt-ric/pkg/o1/utils.go:299.30,301.2 1 0
github.com/hctsai1006/near-rt-ric/pkg/o1/utils.go:304.36,306.2 1 0
github.com/hctsai1006/near-rt-ric/pkg/o1/utils.go:311.46,318.2 6 0
github.com/hctsai1006/near-rt-ric/pkg/o1/utils.go:321.48,328.2 6 0
github.com/hctsai1006/near-rt-ric/pkg/o1/utils.go:331.41,332.16 1 0
github.com/hctsai1006/near-rt-ric/pkg/o1/utils.go:332.16,334.3 1 0
github.com/hctsai1006/near-rt-ric/pkg/o1/utils.go:337.2,339.29 3 0
github.com/hctsai1006/near-rt-ric/pkg/o1/utils.go:339.29,340.17 1 0
github.com/hctsai1006/near-rt-ric/pkg/o1/utils.go:340.17,342.4 1 0
github.com/hctsai1006/near-rt-ric/pkg/o1/utils.go:344.2,344.15 1 0
