mode: set
github.com/hctsai1006/near-rt-ric/pkg/a1/a1.go:19.105,25.2 1 0
github.com/hctsai1006/near-rt-ric/pkg/a1/a1.go:34.88,39.2 1 0
github.com/hctsai1006/near-rt-ric/pkg/a1/a1.go:42.56,52.2 8 0
github.com/hctsai1006/near-rt-ric/pkg/a1/a1.go:54.76,56.16 2 0
github.com/hctsai1006/near-rt-ric/pkg/a1/a1.go:56.16,59.3 2 0
github.com/hctsai1006/near-rt-ric/pkg/a1/a1.go:61.2,61.40 1 0
github.com/hctsai1006/near-rt-ric/pkg/a1/a1.go:64.75,69.16 4 0
github.com/hctsai1006/near-rt-ric/pkg/a1/a1.go:69.16,72.3 2 0
github.com/hctsai1006/near-rt-ric/pkg/a1/a1.go:74.2,74.39 1 0
github.com/hctsai1006/near-rt-ric/pkg/a1/a1.go:77.73,79.16 2 0
github.com/hctsai1006/near-rt-ric/pkg/a1/a1.go:79.16,82.3 2 0
github.com/hctsai1006/near-rt-ric/pkg/a1/a1.go:84.2,84.37 1 0
github.com/hctsai1006/near-rt-ric/pkg/a1/a1.go:87.74,92.64 4 0
github.com/hctsai1006/near-rt-ric/pkg/a1/a1.go:92.64,95.3 2 0
github.com/hctsai1006/near-rt-ric/pkg/a1/a1.go:97.2,99.71 2 0
github.com/hctsai1006/near-rt-ric/pkg/a1/a1.go:99.71,102.3 2 0
github.com/hctsai1006/near-rt-ric/pkg/a1/a1.go:104.2,104.35 1 0
github.com/hctsai1006/near-rt-ric/pkg/a1/a1.go:107.71,112.16 4 0
github.com/hctsai1006/near-rt-ric/pkg/a1/a1.go:112.16,115.3 2 0
github.com/hctsai1006/near-rt-ric/pkg/a1/a1.go:117.2,117.35 1 0
github.com/hctsai1006/near-rt-ric/pkg/a1/a1.go:120.74,124.72 3 0
github.com/hctsai1006/near-rt-ric/pkg/a1/a1.go:124.72,127.3 2 0
github.com/hctsai1006/near-rt-ric/pkg/a1/a1.go:129.2,129.37 1 0
github.com/hctsai1006/near-rt-ric/pkg/a1/auth.go:30.73,32.16 2 1
github.com/hctsai1006/near-rt-ric/pkg/a1/auth.go:32.16,34.3 1 0
github.com/hctsai1006/near-rt-ric/pkg/a1/auth.go:36.2,37.18 2 1
github.com/hctsai1006/near-rt-ric/pkg/a1/auth.go:37.18,39.3 1 0
github.com/hctsai1006/near-rt-ric/pkg/a1/auth.go:41.2,42.16 2 1
github.com/hctsai1006/near-rt-ric/pkg/a1/auth.go:42.16,44.3 1 0
github.com/hctsai1006/near-rt-ric/pkg/a1/auth.go:46.2,47.9 2 1
github.com/hctsai1006/near-rt-ric/pkg/a1/auth.go:47.9,49.3 1 0
github.com/hctsai1006/near-rt-ric/pkg/a1/auth.go:51.2,54.8 1 1
github.com/hctsai1006/near-rt-ric/pkg/a1/auth.go:58.70,59.71 1 1
github.com/hctsai1006/near-rt-ric/pkg/a1/auth.go:59.71,61.23 2 1
github.com/hctsai1006/near-rt-ric/pkg/a1/auth.go:61.23,64.4 2 1
github.com/hctsai1006/near-rt-ric/pkg/a1/auth.go:66.3,67.32 2 1
github.com/hctsai1006/near-rt-ric/pkg/a1/auth.go:67.32,70.4 2 0
github.com/hctsai1006/near-rt-ric/pkg/a1/auth.go:72.3,73.102 2 1
github.com/hctsai1006/near-rt-ric/pkg/a1/auth.go:73.102,74.58 1 1
github.com/hctsai1006/near-rt-ric/pkg/a1/auth.go:74.58,76.5 1 0
github.com/hctsai1006/near-rt-ric/pkg/a1/auth.go:77.4,77.28 1 1
github.com/hctsai1006/near-rt-ric/pkg/a1/auth.go:80.3,80.17 1 1
github.com/hctsai1006/near-rt-ric/pkg/a1/auth.go:80.17,83.4 2 1
github.com/hctsai1006/near-rt-ric/pkg/a1/auth.go:85.3,85.19 1 1
github.com/hctsai1006/near-rt-ric/pkg/a1/auth.go:85.19,88.4 2 0
github.com/hctsai1006/near-rt-ric/pkg/a1/auth.go:90.3,91.40 2 1
github.com/hctsai1006/near-rt-ric/pkg/a1/authz.go:18.51,20.9 2 1
github.com/hctsai1006/near-rt-ric/pkg/a1/authz.go:20.9,22.3 1 0
github.com/hctsai1006/near-rt-ric/pkg/a1/authz.go:24.2,24.26 1 1
github.com/hctsai1006/near-rt-ric/pkg/a1/authz.go:24.26,25.24 1 1
github.com/hctsai1006/near-rt-ric/pkg/a1/authz.go:25.24,27.4 1 1
github.com/hctsai1006/near-rt-ric/pkg/a1/authz.go:30.2,30.14 1 1
github.com/hctsai1006/near-rt-ric/pkg/a1/authz.go:34.67,35.71 1 1
github.com/hctsai1006/near-rt-ric/pkg/a1/authz.go:35.71,36.42 1 1
github.com/hctsai1006/near-rt-ric/pkg/a1/authz.go:36.42,39.4 2 1
github.com/hctsai1006/near-rt-ric/pkg/a1/authz.go:40.3,40.23 1 1
github.com/hctsai1006/near-rt-ric/pkg/a1/repository.go:18.46,24.2 1 0
github.com/hctsai1006/near-rt-ric/pkg/a1/repository.go:26.77,30.65 3 0
github.com/hctsai1006/near-rt-ric/pkg/a1/repository.go:30.65,32.3 1 0
github.com/hctsai1006/near-rt-ric/pkg/a1/repository.go:34.2,35.12 2 0
github.com/hctsai1006/near-rt-ric/pkg/a1/repository.go:38.86,43.13 4 0
github.com/hctsai1006/near-rt-ric/pkg/a1/repository.go:43.13,45.3 1 0
github.com/hctsai1006/near-rt-ric/pkg/a1/repository.go:47.2,47.24 1 0
github.com/hctsai1006/near-rt-ric/pkg/a1/repository.go:50.77,54.66 3 0
github.com/hctsai1006/near-rt-ric/pkg/a1/repository.go:54.66,56.3 1 0
github.com/hctsai1006/near-rt-ric/pkg/a1/repository.go:58.2,59.12 2 0
github.com/hctsai1006/near-rt-ric/pkg/a1/repository.go:62.72,66.55 3 0
github.com/hctsai1006/near-rt-ric/pkg/a1/repository.go:66.55,68.3 1 0
github.com/hctsai1006/near-rt-ric/pkg/a1/repository.go:70.2,71.12 2 0
github.com/hctsai1006/near-rt-ric/pkg/a1/repository.go:74.71,79.35 4 0
github.com/hctsai1006/near-rt-ric/pkg/a1/repository.go:79.35,81.3 1 0
github.com/hctsai1006/near-rt-ric/pkg/a1/repository.go:83.2,83.25 1 0
github.com/hctsai1006/near-rt-ric/pkg/a1/repository.go:86.65,90.54 3 0
github.com/hctsai1006/near-rt-ric/pkg/a1/repository.go:90.54,92.3 1 0
github.com/hctsai1006/near-rt-ric/pkg/a1/repository.go:94.2,95.12 2 0
github.com/hctsai1006/near-rt-ric/pkg/a1/repository.go:98.74,103.13 4 0
github.com/hctsai1006/near-rt-ric/pkg/a1/repository.go:103.13,105.3 1 0
github.com/hctsai1006/near-rt-ric/pkg/a1/repository.go:107.2,107.20 1 0
github.com/hctsai1006/near-rt-ric/pkg/a1/repository.go:110.65,114.55 3 0
github.com/hctsai1006/near-rt-ric/pkg/a1/repository.go:114.55,116.3 1 0
github.com/hctsai1006/near-rt-ric/pkg/a1/repository.go:118.2,119.12 2 0
github.com/hctsai1006/near-rt-ric/pkg/a1/repository.go:122.64,126.48 3 0
github.com/hctsai1006/near-rt-ric/pkg/a1/repository.go:126.48,128.3 1 0
github.com/hctsai1006/near-rt-ric/pkg/a1/repository.go:130.2,131.12 2 0
github.com/hctsai1006/near-rt-ric/pkg/a1/repository.go:134.64,139.31 4 0
github.com/hctsai1006/near-rt-ric/pkg/a1/repository.go:139.31,141.3 1 0
github.com/hctsai1006/near-rt-ric/pkg/a1/repository.go:143.2,143.22 1 0
github.com/hctsai1006/near-rt-ric/pkg/a1/repository.go:146.89,151.31 4 0
github.com/hctsai1006/near-rt-ric/pkg/a1/repository.go:151.31,152.37 1 0
github.com/hctsai1006/near-rt-ric/pkg/a1/repository.go:152.37,154.4 1 0
github.com/hctsai1006/near-rt-ric/pkg/a1/repository.go:157.2,157.22 1 0
github.com/hctsai1006/near-rt-ric/pkg/a1/repository.go:160.84,166.2 4 0
github.com/hctsai1006/near-rt-ric/pkg/a1/repository.go:168.94,173.13 4 0
github.com/hctsai1006/near-rt-ric/pkg/a1/repository.go:173.13,175.3 1 0
github.com/hctsai1006/near-rt-ric/pkg/a1/repository.go:177.2,177.25 1 0
github.com/hctsai1006/near-rt-ric/pkg/a1/repository.go:180.86,185.13 4 0
github.com/hctsai1006/near-rt-ric/pkg/a1/repository.go:185.13,187.3 1 0
github.com/hctsai1006/near-rt-ric/pkg/a1/repository.go:189.2,189.33 1 0
github.com/hctsai1006/near-rt-ric/pkg/a1/repository.go:192.98,197.31 4 0
github.com/hctsai1006/near-rt-ric/pkg/a1/repository.go:197.31,198.37 1 0
github.com/hctsai1006/near-rt-ric/pkg/a1/repository.go:198.37,200.4 1 0
github.com/hctsai1006/near-rt-ric/pkg/a1/repository.go:203.2,207.8 1 0
github.com/hctsai1006/near-rt-ric/pkg/a1/repository.go:210.76,220.2 7 0
github.com/hctsai1006/near-rt-ric/pkg/a1/repository.go:222.53,225.2 1 0
github.com/hctsai1006/near-rt-ric/pkg/a1/repository.go:227.54,230.2 1 0
github.com/hctsai1006/near-rt-ric/pkg/a1/repository.go:232.64,235.2 1 0
github.com/hctsai1006/near-rt-ric/pkg/a1/validator.go:17.47,21.2 1 0
github.com/hctsai1006/near-rt-ric/pkg/a1/validator.go:24.84,25.35 1 0
github.com/hctsai1006/near-rt-ric/pkg/a1/validator.go:25.35,27.3 1 0
github.com/hctsai1006/near-rt-ric/pkg/a1/validator.go:29.2,29.27 1 0
github.com/hctsai1006/near-rt-ric/pkg/a1/validator.go:29.27,31.3 1 0
github.com/hctsai1006/near-rt-ric/pkg/a1/validator.go:33.2,33.36 1 0
github.com/hctsai1006/near-rt-ric/pkg/a1/validator.go:33.36,35.3 1 0
github.com/hctsai1006/near-rt-ric/pkg/a1/validator.go:38.2,38.66 1 0
github.com/hctsai1006/near-rt-ric/pkg/a1/validator.go:38.66,40.3 1 0
github.com/hctsai1006/near-rt-ric/pkg/a1/validator.go:42.2,42.12 1 0
github.com/hctsai1006/near-rt-ric/pkg/a1/validator.go:46.98,47.27 1 0
github.com/hctsai1006/near-rt-ric/pkg/a1/validator.go:47.27,49.3 1 0
github.com/hctsai1006/near-rt-ric/pkg/a1/validator.go:51.2,51.52 1 0
github.com/hctsai1006/near-rt-ric/pkg/a1/validator.go:51.52,54.3 1 0
github.com/hctsai1006/near-rt-ric/pkg/a1/validator.go:56.2,56.30 1 0
github.com/hctsai1006/near-rt-ric/pkg/a1/validator.go:56.30,58.3 1 0
github.com/hctsai1006/near-rt-ric/pkg/a1/validator.go:61.2,61.92 1 0
github.com/hctsai1006/near-rt-ric/pkg/a1/validator.go:61.92,63.3 1 0
github.com/hctsai1006/near-rt-ric/pkg/a1/validator.go:65.2,65.12 1 0
github.com/hctsai1006/near-rt-ric/pkg/a1/validator.go:69.85,72.13 2 0
github.com/hctsai1006/near-rt-ric/pkg/a1/validator.go:72.13,74.3 1 0
github.com/hctsai1006/near-rt-ric/pkg/a1/validator.go:76.2,77.9 2 0
github.com/hctsai1006/near-rt-ric/pkg/a1/validator.go:77.9,79.3 1 0
github.com/hctsai1006/near-rt-ric/pkg/a1/validator.go:82.2,82.17 1 0
github.com/hctsai1006/near-rt-ric/pkg/a1/validator.go:83.16,84.40 1 0
github.com/hctsai1006/near-rt-ric/pkg/a1/validator.go:85.15,86.39 1 0
github.com/hctsai1006/near-rt-ric/pkg/a1/validator.go:87.16,88.40 1 0
github.com/hctsai1006/near-rt-ric/pkg/a1/validator.go:89.27,90.40 1 0
github.com/hctsai1006/near-rt-ric/pkg/a1/validator.go:91.17,92.13 1 0
github.com/hctsai1006/near-rt-ric/pkg/a1/validator.go:93.10,94.60 1 0
github.com/hctsai1006/near-rt-ric/pkg/a1/validator.go:99.110,101.13 2 0
github.com/hctsai1006/near-rt-ric/pkg/a1/validator.go:101.13,103.3 1 0
github.com/hctsai1006/near-rt-ric/pkg/a1/validator.go:105.2,106.9 2 0
github.com/hctsai1006/near-rt-ric/pkg/a1/validator.go:106.9,108.3 1 0
github.com/hctsai1006/near-rt-ric/pkg/a1/validator.go:110.2,110.17 1 0
github.com/hctsai1006/near-rt-ric/pkg/a1/validator.go:111.16,112.44 1 0
github.com/hctsai1006/near-rt-ric/pkg/a1/validator.go:113.15,114.43 1 0
github.com/hctsai1006/near-rt-ric/pkg/a1/validator.go:115.16,116.44 1 0
github.com/hctsai1006/near-rt-ric/pkg/a1/validator.go:117.16,118.51 1 0
github.com/hctsai1006/near-rt-ric/pkg/a1/validator.go:119.17,120.50 1 0
github.com/hctsai1006/near-rt-ric/pkg/a1/validator.go:121.17,122.45 1 0
github.com/hctsai1006/near-rt-ric/pkg/a1/validator.go:123.10,124.60 1 0
github.com/hctsai1006/near-rt-ric/pkg/a1/validator.go:130.91,132.56 1 0
github.com/hctsai1006/near-rt-ric/pkg/a1/validator.go:132.56,134.10 2 0
github.com/hctsai1006/near-rt-ric/pkg/a1/validator.go:134.10,136.4 1 0
github.com/hctsai1006/near-rt-ric/pkg/a1/validator.go:139.3,139.46 1 0
github.com/hctsai1006/near-rt-ric/pkg/a1/validator.go:139.46,141.11 2 0
github.com/hctsai1006/near-rt-ric/pkg/a1/validator.go:141.11,143.5 1 0
github.com/hctsai1006/near-rt-ric/pkg/a1/validator.go:145.4,145.58 1 0
github.com/hctsai1006/near-rt-ric/pkg/a1/validator.go:145.58,147.5 1 0
github.com/hctsai1006/near-rt-ric/pkg/a1/validator.go:152.2,152.52 1 0
github.com/hctsai1006/near-rt-ric/pkg/a1/validator.go:152.52,154.10 2 0
github.com/hctsai1006/near-rt-ric/pkg/a1/validator.go:154.10,156.53 1 0
github.com/hctsai1006/near-rt-ric/pkg/a1/validator.go:156.53,159.38 2 0
github.com/hctsai1006/near-rt-ric/pkg/a1/validator.go:159.38,161.6 1 0
github.com/hctsai1006/near-rt-ric/pkg/a1/validator.go:162.10,164.5 1 0
github.com/hctsai1006/near-rt-ric/pkg/a1/validator.go:168.3,168.32 1 0
github.com/hctsai1006/near-rt-ric/pkg/a1/validator.go:168.32,169.34 1 0
github.com/hctsai1006/near-rt-ric/pkg/a1/validator.go:169.34,171.5 1 0
github.com/hctsai1006/near-rt-ric/pkg/a1/validator.go:175.2,175.12 1 0
github.com/hctsai1006/near-rt-ric/pkg/a1/validator.go:178.90,180.46 1 0
github.com/hctsai1006/near-rt-ric/pkg/a1/validator.go:180.46,182.10 2 0
github.com/hctsai1006/near-rt-ric/pkg/a1/validator.go:182.10,184.4 1 0
github.com/hctsai1006/near-rt-ric/pkg/a1/validator.go:186.3,186.52 1 0
github.com/hctsai1006/near-rt-ric/pkg/a1/validator.go:186.52,188.4 1 0
github.com/hctsai1006/near-rt-ric/pkg/a1/validator.go:191.2,191.12 1 0
github.com/hctsai1006/near-rt-ric/pkg/a1/validator.go:194.91,196.44 1 0
github.com/hctsai1006/near-rt-ric/pkg/a1/validator.go:196.44,198.10 2 0
github.com/hctsai1006/near-rt-ric/pkg/a1/validator.go:198.10,200.4 1 0
github.com/hctsai1006/near-rt-ric/pkg/a1/validator.go:203.3,203.33 1 0
github.com/hctsai1006/near-rt-ric/pkg/a1/validator.go:203.33,204.34 1 0
github.com/hctsai1006/near-rt-ric/pkg/a1/validator.go:204.34,206.5 1 0
github.com/hctsai1006/near-rt-ric/pkg/a1/validator.go:210.2,210.12 1 0
github.com/hctsai1006/near-rt-ric/pkg/a1/validator.go:213.91,215.50 1 0
github.com/hctsai1006/near-rt-ric/pkg/a1/validator.go:215.50,216.38 1 0
github.com/hctsai1006/near-rt-ric/pkg/a1/validator.go:216.38,217.35 1 0
github.com/hctsai1006/near-rt-ric/pkg/a1/validator.go:217.35,219.5 1 0
github.com/hctsai1006/near-rt-ric/pkg/a1/validator.go:224.2,224.50 1 0
github.com/hctsai1006/near-rt-ric/pkg/a1/validator.go:224.50,225.38 1 0
github.com/hctsai1006/near-rt-ric/pkg/a1/validator.go:225.38,226.35 1 0
github.com/hctsai1006/near-rt-ric/pkg/a1/validator.go:226.35,228.5 1 0
github.com/hctsai1006/near-rt-ric/pkg/a1/validator.go:232.2,232.12 1 0
github.com/hctsai1006/near-rt-ric/pkg/a1/validator.go:237.107,239.9 2 0
github.com/hctsai1006/near-rt-ric/pkg/a1/validator.go:239.9,241.3 1 0
github.com/hctsai1006/near-rt-ric/pkg/a1/validator.go:244.2,244.52 1 0
github.com/hctsai1006/near-rt-ric/pkg/a1/validator.go:244.52,246.10 2 0
github.com/hctsai1006/near-rt-ric/pkg/a1/validator.go:246.10,248.53 1 0
github.com/hctsai1006/near-rt-ric/pkg/a1/validator.go:248.53,250.38 2 0
github.com/hctsai1006/near-rt-ric/pkg/a1/validator.go:250.38,252.6 1 0
github.com/hctsai1006/near-rt-ric/pkg/a1/validator.go:256.3,256.22 1 0
github.com/hctsai1006/near-rt-ric/pkg/a1/validator.go:256.22,257.33 1 0
github.com/hctsai1006/near-rt-ric/pkg/a1/validator.go:257.33,259.12 2 0
github.com/hctsai1006/near-rt-ric/pkg/a1/validator.go:259.12,260.14 1 0
github.com/hctsai1006/near-rt-ric/pkg/a1/validator.go:263.5,263.46 1 0
github.com/hctsai1006/near-rt-ric/pkg/a1/validator.go:263.46,265.6 1 0
github.com/hctsai1006/near-rt-ric/pkg/a1/validator.go:271.2,271.56 1 0
github.com/hctsai1006/near-rt-ric/pkg/a1/validator.go:271.56,273.10 2 0
github.com/hctsai1006/near-rt-ric/pkg/a1/validator.go:273.10,275.4 1 0
github.com/hctsai1006/near-rt-ric/pkg/a1/validator.go:277.3,277.46 1 0
github.com/hctsai1006/near-rt-ric/pkg/a1/validator.go:277.46,278.57 1 0
github.com/hctsai1006/near-rt-ric/pkg/a1/validator.go:278.57,280.12 2 0
github.com/hctsai1006/near-rt-ric/pkg/a1/validator.go:280.12,282.6 1 0
github.com/hctsai1006/near-rt-ric/pkg/a1/validator.go:284.5,284.78 1 0
github.com/hctsai1006/near-rt-ric/pkg/a1/validator.go:284.78,286.6 1 0
github.com/hctsai1006/near-rt-ric/pkg/a1/validator.go:287.10,289.74 1 0
github.com/hctsai1006/near-rt-ric/pkg/a1/validator.go:289.74,290.63 1 0
github.com/hctsai1006/near-rt-ric/pkg/a1/validator.go:290.63,292.7 1 0
github.com/hctsai1006/near-rt-ric/pkg/a1/validator.go:294.6,294.76 1 0
github.com/hctsai1006/near-rt-ric/pkg/a1/validator.go:294.76,295.81 1 0
github.com/hctsai1006/near-rt-ric/pkg/a1/validator.go:295.81,297.8 1 0
github.com/hctsai1006/near-rt-ric/pkg/a1/validator.go:304.2,304.12 1 0
github.com/hctsai1006/near-rt-ric/pkg/a1/validator.go:307.106,309.9 2 0
github.com/hctsai1006/near-rt-ric/pkg/a1/validator.go:309.9,311.3 1 0
github.com/hctsai1006/near-rt-ric/pkg/a1/validator.go:314.2,314.46 1 0
github.com/hctsai1006/near-rt-ric/pkg/a1/validator.go:314.46,316.10 2 0
github.com/hctsai1006/near-rt-ric/pkg/a1/validator.go:316.10,318.4 1 0
github.com/hctsai1006/near-rt-ric/pkg/a1/validator.go:320.3,320.34 1 0
github.com/hctsai1006/near-rt-ric/pkg/a1/validator.go:320.34,321.66 1 0
github.com/hctsai1006/near-rt-ric/pkg/a1/validator.go:321.66,323.5 1 0
github.com/hctsai1006/near-rt-ric/pkg/a1/validator.go:327.2,327.12 1 0
github.com/hctsai1006/near-rt-ric/pkg/a1/validator.go:330.107,332.9 2 0
github.com/hctsai1006/near-rt-ric/pkg/a1/validator.go:332.9,334.3 1 0
github.com/hctsai1006/near-rt-ric/pkg/a1/validator.go:337.2,337.44 1 0
github.com/hctsai1006/near-rt-ric/pkg/a1/validator.go:337.44,339.10 2 0
github.com/hctsai1006/near-rt-ric/pkg/a1/validator.go:339.10,341.4 1 0
github.com/hctsai1006/near-rt-ric/pkg/a1/validator.go:343.3,344.33 2 0
github.com/hctsai1006/near-rt-ric/pkg/a1/validator.go:344.33,345.59 1 0
github.com/hctsai1006/near-rt-ric/pkg/a1/validator.go:345.59,347.10 2 0
github.com/hctsai1006/near-rt-ric/pkg/a1/validator.go:351.3,351.13 1 0
github.com/hctsai1006/near-rt-ric/pkg/a1/validator.go:351.13,353.4 1 0
github.com/hctsai1006/near-rt-ric/pkg/a1/validator.go:357.2,357.54 1 0
github.com/hctsai1006/near-rt-ric/pkg/a1/validator.go:357.54,358.44 1 0
github.com/hctsai1006/near-rt-ric/pkg/a1/validator.go:358.44,359.34 1 0
github.com/hctsai1006/near-rt-ric/pkg/a1/validator.go:359.34,361.5 1 0
github.com/hctsai1006/near-rt-ric/pkg/a1/validator.go:366.2,366.54 1 0
github.com/hctsai1006/near-rt-ric/pkg/a1/validator.go:366.54,367.44 1 0
github.com/hctsai1006/near-rt-ric/pkg/a1/validator.go:367.44,368.34 1 0
github.com/hctsai1006/near-rt-ric/pkg/a1/validator.go:368.34,370.5 1 0
github.com/hctsai1006/near-rt-ric/pkg/a1/validator.go:375.2,375.50 1 0
github.com/hctsai1006/near-rt-ric/pkg/a1/validator.go:375.50,376.45 1 0
github.com/hctsai1006/near-rt-ric/pkg/a1/validator.go:376.45,378.109 1 0
github.com/hctsai1006/near-rt-ric/pkg/a1/validator.go:378.109,380.5 1 0
github.com/hctsai1006/near-rt-ric/pkg/a1/validator.go:384.2,384.12 1 0
github.com/hctsai1006/near-rt-ric/pkg/a1/validator.go:387.127,391.19 3 0
github.com/hctsai1006/near-rt-ric/pkg/a1/validator.go:391.19,393.29 1 0
github.com/hctsai1006/near-rt-ric/pkg/a1/validator.go:394.12,396.13 2 0
github.com/hctsai1006/near-rt-ric/pkg/a1/validator.go:397.16,401.38 3 0
github.com/hctsai1006/near-rt-ric/pkg/a1/validator.go:401.38,403.5 1 0
github.com/hctsai1006/near-rt-ric/pkg/a1/validator.go:404.20,405.43 1 0
github.com/hctsai1006/near-rt-ric/pkg/a1/validator.go:405.43,408.56 3 0
github.com/hctsai1006/near-rt-ric/pkg/a1/validator.go:408.56,410.6 1 0
github.com/hctsai1006/near-rt-ric/pkg/a1/validator.go:413.8,415.29 1 0
github.com/hctsai1006/near-rt-ric/pkg/a1/validator.go:416.12,418.13 2 0
github.com/hctsai1006/near-rt-ric/pkg/a1/validator.go:419.16,421.13 2 0
github.com/hctsai1006/near-rt-ric/pkg/a1/validator.go:422.20,423.43 1 0
github.com/hctsai1006/near-rt-ric/pkg/a1/validator.go:423.43,426.5 2 0
github.com/hctsai1006/near-rt-ric/pkg/a1/validator.go:430.2,430.9 1 0
github.com/hctsai1006/near-rt-ric/pkg/a1/validator.go:430.9,432.20 2 0
github.com/hctsai1006/near-rt-ric/pkg/a1/validator.go:432.20,434.4 1 0
github.com/hctsai1006/near-rt-ric/pkg/a1/validator.go:435.3,435.63 1 0
github.com/hctsai1006/near-rt-ric/pkg/a1/validator.go:439.2,439.50 1 0
github.com/hctsai1006/near-rt-ric/pkg/a1/validator.go:439.50,441.32 2 0
github.com/hctsai1006/near-rt-ric/pkg/a1/validator.go:442.12,443.25 1 0
github.com/hctsai1006/near-rt-ric/pkg/a1/validator.go:444.16,445.16 1 0
github.com/hctsai1006/near-rt-ric/pkg/a1/validator.go:446.20,447.43 1 0
github.com/hctsai1006/near-rt-ric/pkg/a1/validator.go:447.43,449.5 1 0
github.com/hctsai1006/near-rt-ric/pkg/a1/validator.go:452.3,452.22 1 0
github.com/hctsai1006/near-rt-ric/pkg/a1/validator.go:452.22,454.4 1 0
github.com/hctsai1006/near-rt-ric/pkg/a1/validator.go:458.2,458.50 1 0
github.com/hctsai1006/near-rt-ric/pkg/a1/validator.go:458.50,460.32 2 0
github.com/hctsai1006/near-rt-ric/pkg/a1/validator.go:461.12,462.25 1 0
github.com/hctsai1006/near-rt-ric/pkg/a1/validator.go:463.16,464.16 1 0
github.com/hctsai1006/near-rt-ric/pkg/a1/validator.go:465.20,466.43 1 0
github.com/hctsai1006/near-rt-ric/pkg/a1/validator.go:466.43,468.5 1 0
github.com/hctsai1006/near-rt-ric/pkg/a1/validator.go:471.3,471.22 1 0
github.com/hctsai1006/near-rt-ric/pkg/a1/validator.go:471.22,473.4 1 0
github.com/hctsai1006/near-rt-ric/pkg/a1/validator.go:476.2,476.12 1 0
github.com/hctsai1006/near-rt-ric/pkg/a1/validator.go:479.108,480.31 1 0
github.com/hctsai1006/near-rt-ric/pkg/a1/validator.go:480.31,482.3 1 0
github.com/hctsai1006/near-rt-ric/pkg/a1/validator.go:484.2,484.12 1 0
github.com/hctsai1006/near-rt-ric/pkg/a1/validator.go:490.92,493.13 2 0
github.com/hctsai1006/near-rt-ric/pkg/a1/validator.go:493.13,495.3 1 0
github.com/hctsai1006/near-rt-ric/pkg/a1/validator.go:497.2,498.9 2 0
github.com/hctsai1006/near-rt-ric/pkg/a1/validator.go:498.9,499.34 1 0
github.com/hctsai1006/near-rt-ric/pkg/a1/validator.go:499.34,501.4 1 0
github.com/hctsai1006/near-rt-ric/pkg/a1/validator.go:501.9,503.4 1 0
github.com/hctsai1006/near-rt-ric/pkg/a1/validator.go:506.2,506.30 1 0
github.com/hctsai1006/near-rt-ric/pkg/a1/validator.go:506.30,508.3 1 0
github.com/hctsai1006/near-rt-ric/pkg/a1/validator.go:511.2,511.62 1 0
github.com/hctsai1006/near-rt-ric/pkg/a1/validator.go:511.62,513.10 2 0
github.com/hctsai1006/near-rt-ric/pkg/a1/validator.go:513.10,514.45 1 0
github.com/hctsai1006/near-rt-ric/pkg/a1/validator.go:514.45,516.5 1 0
github.com/hctsai1006/near-rt-ric/pkg/a1/validator.go:516.10,518.5 1 0
github.com/hctsai1006/near-rt-ric/pkg/a1/validator.go:521.3,521.42 1 0
github.com/hctsai1006/near-rt-ric/pkg/a1/validator.go:521.42,523.4 1 0
github.com/hctsai1006/near-rt-ric/pkg/a1/validator.go:527.2,527.62 1 0
github.com/hctsai1006/near-rt-ric/pkg/a1/validator.go:527.62,529.10 2 0
github.com/hctsai1006/near-rt-ric/pkg/a1/validator.go:529.10,530.35 1 0
github.com/hctsai1006/near-rt-ric/pkg/a1/validator.go:530.35,532.5 1 0
github.com/hctsai1006/near-rt-ric/pkg/a1/validator.go:532.10,534.5 1 0
github.com/hctsai1006/near-rt-ric/pkg/a1/validator.go:537.3,537.34 1 0
github.com/hctsai1006/near-rt-ric/pkg/a1/validator.go:537.34,539.4 1 0
github.com/hctsai1006/near-rt-ric/pkg/a1/validator.go:542.2,542.12 1 0
github.com/hctsai1006/near-rt-ric/pkg/a1/validator.go:546.92,549.13 2 0
github.com/hctsai1006/near-rt-ric/pkg/a1/validator.go:549.13,551.3 1 0
github.com/hctsai1006/near-rt-ric/pkg/a1/validator.go:553.2,554.9 2 0
github.com/hctsai1006/near-rt-ric/pkg/a1/validator.go:554.9,556.3 1 0
github.com/hctsai1006/near-rt-ric/pkg/a1/validator.go:558.2,564.42 2 0
github.com/hctsai1006/near-rt-ric/pkg/a1/validator.go:564.42,566.3 1 0
github.com/hctsai1006/near-rt-ric/pkg/a1/validator.go:569.2,570.13 2 0
github.com/hctsai1006/near-rt-ric/pkg/a1/validator.go:570.13,572.3 1 0
github.com/hctsai1006/near-rt-ric/pkg/a1/validator.go:574.2,575.9 2 0
github.com/hctsai1006/near-rt-ric/pkg/a1/validator.go:575.9,577.3 1 0
github.com/hctsai1006/near-rt-ric/pkg/a1/validator.go:579.2,585.35 2 0
github.com/hctsai1006/near-rt-ric/pkg/a1/validator.go:585.35,587.3 1 0
github.com/hctsai1006/near-rt-ric/pkg/a1/validator.go:589.2,589.12 1 0
