mode: set
github.com/hctsai1006/near-rt-ric/pkg/e2/asn1.go:20.38,22.2 1 0
github.com/hctsai1006/near-rt-ric/pkg/e2/asn1.go:25.64,27.2 1 0
github.com/hctsai1006/near-rt-ric/pkg/e2/asn1.go:30.67,32.2 1 0
github.com/hctsai1006/near-rt-ric/pkg/e2/asn1.go:37.71,48.2 2 0
github.com/hctsai1006/near-rt-ric/pkg/e2/asn1.go:50.72,52.82 2 0
github.com/hctsai1006/near-rt-ric/pkg/e2/asn1.go:52.82,54.3 1 0
github.com/hctsai1006/near-rt-ric/pkg/e2/asn1.go:55.2,55.72 1 0
github.com/hctsai1006/near-rt-ric/pkg/e2/asn1.go:55.72,57.3 1 0
github.com/hctsai1006/near-rt-ric/pkg/e2/asn1.go:58.2,58.73 1 0
github.com/hctsai1006/near-rt-ric/pkg/e2/asn1.go:58.73,60.3 1 0
github.com/hctsai1006/near-rt-ric/pkg/e2/asn1.go:61.2,61.64 1 0
github.com/hctsai1006/near-rt-ric/pkg/e2/asn1.go:65.84,76.2 2 0
github.com/hctsai1006/near-rt-ric/pkg/e2/asn1.go:78.85,80.82 2 0
github.com/hctsai1006/near-rt-ric/pkg/e2/asn1.go:80.82,82.3 1 0
github.com/hctsai1006/near-rt-ric/pkg/e2/asn1.go:83.2,83.72 1 0
github.com/hctsai1006/near-rt-ric/pkg/e2/asn1.go:83.72,85.3 1 0
github.com/hctsai1006/near-rt-ric/pkg/e2/asn1.go:86.2,86.81 1 0
github.com/hctsai1006/near-rt-ric/pkg/e2/asn1.go:86.81,88.3 1 0
github.com/hctsai1006/near-rt-ric/pkg/e2/asn1.go:89.2,89.71 1 0
github.com/hctsai1006/near-rt-ric/pkg/e2/asn1.go:93.74,104.2 2 0
github.com/hctsai1006/near-rt-ric/pkg/e2/asn1.go:106.75,108.82 2 0
github.com/hctsai1006/near-rt-ric/pkg/e2/asn1.go:108.82,110.3 1 0
github.com/hctsai1006/near-rt-ric/pkg/e2/asn1.go:111.2,111.72 1 0
github.com/hctsai1006/near-rt-ric/pkg/e2/asn1.go:111.72,113.3 1 0
github.com/hctsai1006/near-rt-ric/pkg/e2/asn1.go:114.2,114.76 1 0
github.com/hctsai1006/near-rt-ric/pkg/e2/asn1.go:114.76,116.3 1 0
github.com/hctsai1006/near-rt-ric/pkg/e2/asn1.go:117.2,117.66 1 0
github.com/hctsai1006/near-rt-ric/pkg/e2/asn1.go:121.74,132.2 2 0
github.com/hctsai1006/near-rt-ric/pkg/e2/asn1.go:135.74,137.82 2 0
github.com/hctsai1006/near-rt-ric/pkg/e2/asn1.go:137.82,139.3 1 0
github.com/hctsai1006/near-rt-ric/pkg/e2/asn1.go:140.2,140.72 1 0
github.com/hctsai1006/near-rt-ric/pkg/e2/asn1.go:140.72,142.3 1 0
github.com/hctsai1006/near-rt-ric/pkg/e2/asn1.go:143.2,143.75 1 0
github.com/hctsai1006/near-rt-ric/pkg/e2/asn1.go:143.75,145.3 1 0
github.com/hctsai1006/near-rt-ric/pkg/e2/asn1.go:146.2,146.65 1 0
github.com/hctsai1006/near-rt-ric/pkg/e2/asn1.go:150.90,161.2 2 0
github.com/hctsai1006/near-rt-ric/pkg/e2/asn1.go:164.90,166.82 2 0
github.com/hctsai1006/near-rt-ric/pkg/e2/asn1.go:166.82,168.3 1 0
github.com/hctsai1006/near-rt-ric/pkg/e2/asn1.go:169.2,169.72 1 0
github.com/hctsai1006/near-rt-ric/pkg/e2/asn1.go:169.72,171.3 1 0
github.com/hctsai1006/near-rt-ric/pkg/e2/asn1.go:172.2,172.83 1 0
github.com/hctsai1006/near-rt-ric/pkg/e2/asn1.go:172.83,174.3 1 0
github.com/hctsai1006/near-rt-ric/pkg/e2/asn1.go:175.2,175.72 1 0
github.com/hctsai1006/near-rt-ric/pkg/e2/interface.go:17.47,19.2 1 0
github.com/hctsai1006/near-rt-ric/pkg/e2/interface.go:22.37,27.16 3 0
github.com/hctsai1006/near-rt-ric/pkg/e2/interface.go:27.16,29.3 1 0
github.com/hctsai1006/near-rt-ric/pkg/e2/interface.go:30.2,30.12 1 0
github.com/hctsai1006/near-rt-ric/pkg/e2/interface.go:30.12,31.7 1 0
github.com/hctsai1006/near-rt-ric/pkg/e2/interface.go:31.7,32.25 1 0
github.com/hctsai1006/near-rt-ric/pkg/e2/interface.go:32.25,34.5 1 0
github.com/hctsai1006/near-rt-ric/pkg/e2/interface.go:35.4,36.18 2 0
github.com/hctsai1006/near-rt-ric/pkg/e2/interface.go:36.18,38.5 1 0
github.com/hctsai1006/near-rt-ric/pkg/e2/interface.go:39.4,39.31 1 0
github.com/hctsai1006/near-rt-ric/pkg/e2/interface.go:42.2,42.12 1 0
github.com/hctsai1006/near-rt-ric/pkg/e2/interface.go:46.30,47.23 1 0
github.com/hctsai1006/near-rt-ric/pkg/e2/interface.go:47.23,50.3 2 0
github.com/hctsai1006/near-rt-ric/pkg/e2/interface.go:53.55,60.2 3 0
github.com/hctsai1006/near-rt-ric/pkg/e2/interface.go:64.113,68.2 2 0
github.com/hctsai1006/near-rt-ric/pkg/e2/interface.go:72.121,74.2 1 0
github.com/hctsai1006/near-rt-ric/pkg/e2/sctp_server.go:138.84,154.23 3 0
github.com/hctsai1006/near-rt-ric/pkg/e2/sctp_server.go:154.23,156.3 1 0
github.com/hctsai1006/near-rt-ric/pkg/e2/sctp_server.go:158.2,158.20 1 0
github.com/hctsai1006/near-rt-ric/pkg/e2/sctp_server.go:162.55,163.44 1 0
github.com/hctsai1006/near-rt-ric/pkg/e2/sctp_server.go:163.44,165.3 1 0
github.com/hctsai1006/near-rt-ric/pkg/e2/sctp_server.go:167.2,176.16 3 0
github.com/hctsai1006/near-rt-ric/pkg/e2/sctp_server.go:176.16,179.3 2 0
github.com/hctsai1006/near-rt-ric/pkg/e2/sctp_server.go:182.2,188.16 3 0
github.com/hctsai1006/near-rt-ric/pkg/e2/sctp_server.go:188.16,191.3 2 0
github.com/hctsai1006/near-rt-ric/pkg/e2/sctp_server.go:193.2,196.52 2 0
github.com/hctsai1006/near-rt-ric/pkg/e2/sctp_server.go:196.52,199.3 2 0
github.com/hctsai1006/near-rt-ric/pkg/e2/sctp_server.go:202.2,213.12 8 0
github.com/hctsai1006/near-rt-ric/pkg/e2/sctp_server.go:217.54,218.44 1 0
github.com/hctsai1006/near-rt-ric/pkg/e2/sctp_server.go:218.44,220.3 1 0
github.com/hctsai1006/near-rt-ric/pkg/e2/sctp_server.go:222.2,225.23 2 0
github.com/hctsai1006/near-rt-ric/pkg/e2/sctp_server.go:225.23,227.3 1 0
github.com/hctsai1006/near-rt-ric/pkg/e2/sctp_server.go:230.2,237.12 4 0
github.com/hctsai1006/near-rt-ric/pkg/e2/sctp_server.go:237.12,240.3 2 0
github.com/hctsai1006/near-rt-ric/pkg/e2/sctp_server.go:242.2,242.9 1 0
github.com/hctsai1006/near-rt-ric/pkg/e2/sctp_server.go:243.14,244.61 1 0
github.com/hctsai1006/near-rt-ric/pkg/e2/sctp_server.go:245.20,246.48 1 0
github.com/hctsai1006/near-rt-ric/pkg/e2/sctp_server.go:249.2,249.12 1 0
github.com/hctsai1006/near-rt-ric/pkg/e2/sctp_server.go:253.96,255.2 1 0
github.com/hctsai1006/near-rt-ric/pkg/e2/sctp_server.go:258.88,260.2 1 0
github.com/hctsai1006/near-rt-ric/pkg/e2/sctp_server.go:263.67,268.13 4 0
github.com/hctsai1006/near-rt-ric/pkg/e2/sctp_server.go:268.13,270.3 1 0
github.com/hctsai1006/near-rt-ric/pkg/e2/sctp_server.go:272.2,272.39 1 0
github.com/hctsai1006/near-rt-ric/pkg/e2/sctp_server.go:276.79,281.13 4 0
github.com/hctsai1006/near-rt-ric/pkg/e2/sctp_server.go:281.13,283.3 1 0
github.com/hctsai1006/near-rt-ric/pkg/e2/sctp_server.go:285.2,285.39 1 0
github.com/hctsai1006/near-rt-ric/pkg/e2/sctp_server.go:289.47,291.2 1 0
github.com/hctsai1006/near-rt-ric/pkg/e2/sctp_server.go:294.44,296.2 1 0
github.com/hctsai1006/near-rt-ric/pkg/e2/sctp_server.go:299.42,300.23 1 0
github.com/hctsai1006/near-rt-ric/pkg/e2/sctp_server.go:300.23,302.3 1 0
github.com/hctsai1006/near-rt-ric/pkg/e2/sctp_server.go:304.2,304.23 1 0
github.com/hctsai1006/near-rt-ric/pkg/e2/sctp_server.go:304.23,306.3 1 0
github.com/hctsai1006/near-rt-ric/pkg/e2/sctp_server.go:308.2,308.12 1 0
github.com/hctsai1006/near-rt-ric/pkg/e2/sctp_server.go:312.42,317.6 3 0
github.com/hctsai1006/near-rt-ric/pkg/e2/sctp_server.go:317.6,318.10 1 0
github.com/hctsai1006/near-rt-ric/pkg/e2/sctp_server.go:319.23,321.10 2 0
github.com/hctsai1006/near-rt-ric/pkg/e2/sctp_server.go:322.11,327.18 2 0
github.com/hctsai1006/near-rt-ric/pkg/e2/sctp_server.go:327.18,329.62 1 0
github.com/hctsai1006/near-rt-ric/pkg/e2/sctp_server.go:329.62,330.14 1 0
github.com/hctsai1006/near-rt-ric/pkg/e2/sctp_server.go:332.5,332.25 1 0
github.com/hctsai1006/near-rt-ric/pkg/e2/sctp_server.go:332.25,335.6 2 0
github.com/hctsai1006/near-rt-ric/pkg/e2/sctp_server.go:336.5,336.13 1 0
github.com/hctsai1006/near-rt-ric/pkg/e2/sctp_server.go:340.4,340.55 1 0
github.com/hctsai1006/near-rt-ric/pkg/e2/sctp_server.go:340.55,344.13 4 0
github.com/hctsai1006/near-rt-ric/pkg/e2/sctp_server.go:348.4,348.31 1 0
github.com/hctsai1006/near-rt-ric/pkg/e2/sctp_server.go:354.63,402.2 16 0
github.com/hctsai1006/near-rt-ric/pkg/e2/sctp_server.go:405.64,407.22 1 0
github.com/hctsai1006/near-rt-ric/pkg/e2/sctp_server.go:407.23,415.3 0 0
github.com/hctsai1006/near-rt-ric/pkg/e2/sctp_server.go:417.2,417.95 1 0
github.com/hctsai1006/near-rt-ric/pkg/e2/sctp_server.go:421.68,427.6 4 0
github.com/hctsai1006/near-rt-ric/pkg/e2/sctp_server.go:427.6,428.10 1 0
github.com/hctsai1006/near-rt-ric/pkg/e2/sctp_server.go:429.26,431.10 2 0
github.com/hctsai1006/near-rt-ric/pkg/e2/sctp_server.go:432.11,437.18 3 0
github.com/hctsai1006/near-rt-ric/pkg/e2/sctp_server.go:437.18,438.62 1 0
github.com/hctsai1006/near-rt-ric/pkg/e2/sctp_server.go:438.62,441.38 2 0
github.com/hctsai1006/near-rt-ric/pkg/e2/sctp_server.go:441.38,444.7 2 0
github.com/hctsai1006/near-rt-ric/pkg/e2/sctp_server.go:445.6,445.14 1 0
github.com/hctsai1006/near-rt-ric/pkg/e2/sctp_server.go:448.5,448.25 1 0
github.com/hctsai1006/near-rt-ric/pkg/e2/sctp_server.go:448.25,453.6 1 0
github.com/hctsai1006/near-rt-ric/pkg/e2/sctp_server.go:454.5,454.11 1 0
github.com/hctsai1006/near-rt-ric/pkg/e2/sctp_server.go:457.4,457.13 1 0
github.com/hctsai1006/near-rt-ric/pkg/e2/sctp_server.go:457.13,474.32 10 0
github.com/hctsai1006/near-rt-ric/pkg/e2/sctp_server.go:474.32,476.6 1 0
github.com/hctsai1006/near-rt-ric/pkg/e2/sctp_server.go:478.5,482.38 1 0
github.com/hctsai1006/near-rt-ric/pkg/e2/sctp_server.go:489.65,494.6 3 0
github.com/hctsai1006/near-rt-ric/pkg/e2/sctp_server.go:494.6,495.10 1 0
github.com/hctsai1006/near-rt-ric/pkg/e2/sctp_server.go:496.26,498.10 2 0
github.com/hctsai1006/near-rt-ric/pkg/e2/sctp_server.go:500.33,501.22 1 0
github.com/hctsai1006/near-rt-ric/pkg/e2/sctp_server.go:501.22,502.13 1 0
github.com/hctsai1006/near-rt-ric/pkg/e2/sctp_server.go:506.4,509.18 3 0
github.com/hctsai1006/near-rt-ric/pkg/e2/sctp_server.go:509.18,516.13 4 0
github.com/hctsai1006/near-rt-ric/pkg/e2/sctp_server.go:520.4,533.33 8 0
github.com/hctsai1006/near-rt-ric/pkg/e2/sctp_server.go:539.80,540.68 1 0
github.com/hctsai1006/near-rt-ric/pkg/e2/sctp_server.go:540.68,542.3 1 0
github.com/hctsai1006/near-rt-ric/pkg/e2/sctp_server.go:544.2,544.9 1 0
github.com/hctsai1006/near-rt-ric/pkg/e2/sctp_server.go:545.30,546.13 1 0
github.com/hctsai1006/near-rt-ric/pkg/e2/sctp_server.go:547.37,548.66 1 0
github.com/hctsai1006/near-rt-ric/pkg/e2/sctp_server.go:553.69,561.2 5 0
github.com/hctsai1006/near-rt-ric/pkg/e2/sctp_server.go:564.62,568.22 2 0
github.com/hctsai1006/near-rt-ric/pkg/e2/sctp_server.go:568.22,570.3 1 0
github.com/hctsai1006/near-rt-ric/pkg/e2/sctp_server.go:573.2,578.23 4 0
github.com/hctsai1006/near-rt-ric/pkg/e2/sctp_server.go:578.23,580.3 1 0
github.com/hctsai1006/near-rt-ric/pkg/e2/sctp_server.go:581.2,600.35 5 0
github.com/hctsai1006/near-rt-ric/pkg/e2/sctp_server.go:604.44,607.37 3 0
github.com/hctsai1006/near-rt-ric/pkg/e2/sctp_server.go:607.37,609.3 1 0
github.com/hctsai1006/near-rt-ric/pkg/e2/sctp_server.go:610.2,613.35 2 0
github.com/hctsai1006/near-rt-ric/pkg/e2/sctp_server.go:613.35,615.3 1 0
github.com/hctsai1006/near-rt-ric/pkg/e2/sctp_server.go:618.2,618.35 1 0
github.com/hctsai1006/near-rt-ric/pkg/e2/sctp_server.go:618.35,620.3 1 0
github.com/hctsai1006/near-rt-ric/pkg/e2/sctp_server.go:624.80,629.13 4 0
github.com/hctsai1006/near-rt-ric/pkg/e2/sctp_server.go:629.13,631.3 1 0
github.com/hctsai1006/near-rt-ric/pkg/e2/sctp_server.go:634.2,642.12 4 0
github.com/hctsai1006/near-rt-ric/pkg/e2/sctp_server.go:646.40,654.6 5 0
github.com/hctsai1006/near-rt-ric/pkg/e2/sctp_server.go:654.6,655.10 1 0
github.com/hctsai1006/near-rt-ric/pkg/e2/sctp_server.go:656.23,658.10 2 0
github.com/hctsai1006/near-rt-ric/pkg/e2/sctp_server.go:659.19,660.29 1 0
github.com/hctsai1006/near-rt-ric/pkg/e2/sctp_server.go:666.46,669.37 3 0
github.com/hctsai1006/near-rt-ric/pkg/e2/sctp_server.go:669.37,671.3 1 0
github.com/hctsai1006/near-rt-ric/pkg/e2/sctp_server.go:672.2,674.35 2 0
github.com/hctsai1006/near-rt-ric/pkg/e2/sctp_server.go:674.35,675.35 1 0
github.com/hctsai1006/near-rt-ric/pkg/e2/sctp_server.go:675.35,678.4 2 0
github.com/hctsai1006/near-rt-ric/pkg/e2/sctp_server.go:683.41,689.6 4 0
github.com/hctsai1006/near-rt-ric/pkg/e2/sctp_server.go:689.6,690.10 1 0
github.com/hctsai1006/near-rt-ric/pkg/e2/sctp_server.go:691.23,692.10 1 0
github.com/hctsai1006/near-rt-ric/pkg/e2/sctp_server.go:693.19,694.21 1 0
github.com/hctsai1006/near-rt-ric/pkg/e2/sctp_server.go:700.38,712.2 1 0
github.com/hctsai1006/near-rt-ric/pkg/e2/sctp_server.go:715.73,716.32 1 0
github.com/hctsai1006/near-rt-ric/pkg/e2/sctp_server.go:716.32,718.3 1 0
github.com/hctsai1006/near-rt-ric/pkg/e2/sctp_server.go:722.54,734.2 2 0
github.com/hctsai1006/near-rt-ric/pkg/e2/sctp_server.go:737.43,738.12 1 0
github.com/hctsai1006/near-rt-ric/pkg/e2/sctp_server.go:739.25,740.24 1 0
github.com/hctsai1006/near-rt-ric/pkg/e2/sctp_server.go:741.23,742.22 1 0
github.com/hctsai1006/near-rt-ric/pkg/e2/sctp_server.go:743.22,744.21 1 0
github.com/hctsai1006/near-rt-ric/pkg/e2/sctp_server.go:745.24,746.23 1 0
github.com/hctsai1006/near-rt-ric/pkg/e2/sctp_server.go:747.20,748.19 1 0
github.com/hctsai1006/near-rt-ric/pkg/e2/sctp_server.go:749.18,750.17 1 0
github.com/hctsai1006/near-rt-ric/pkg/e2/sctp_server.go:751.10,752.19 1 0
